Archive member included to satisfy reference by file (symbol)

E:/STM32CubeIDE_1.16.0/STM32CubeIDE/plugins/com.st.stm32cube.ide.mcu.externaltools.gnu-tools-for-stm32.12.3.rel1.win32_1.0.200.202406191623/tools/bin/../lib/gcc/arm-none-eabi/12.3.1/../../../../arm-none-eabi/lib/thumb/v7-m/nofp\libc_nano.a(libc_a-exit.o)
                              E:/STM32CubeIDE_1.16.0/STM32CubeIDE/plugins/com.st.stm32cube.ide.mcu.externaltools.gnu-tools-for-stm32.12.3.rel1.win32_1.0.200.202406191623/tools/bin/../lib/gcc/arm-none-eabi/12.3.1/../../../../arm-none-eabi/lib/thumb/v7-m/nofp/crt0.o (exit)
E:/STM32CubeIDE_1.16.0/STM32CubeIDE/plugins/com.st.stm32cube.ide.mcu.externaltools.gnu-tools-for-stm32.12.3.rel1.win32_1.0.200.202406191623/tools/bin/../lib/gcc/arm-none-eabi/12.3.1/../../../../arm-none-eabi/lib/thumb/v7-m/nofp\libc_nano.a(libc_a-findfp.o)
                              E:/STM32CubeIDE_1.16.0/STM32CubeIDE/plugins/com.st.stm32cube.ide.mcu.externaltools.gnu-tools-for-stm32.12.3.rel1.win32_1.0.200.202406191623/tools/bin/../lib/gcc/arm-none-eabi/12.3.1/../../../../arm-none-eabi/lib/thumb/v7-m/nofp\libc_nano.a(libc_a-exit.o) (__stdio_exit_handler)
E:/STM32CubeIDE_1.16.0/STM32CubeIDE/plugins/com.st.stm32cube.ide.mcu.externaltools.gnu-tools-for-stm32.12.3.rel1.win32_1.0.200.202406191623/tools/bin/../lib/gcc/arm-none-eabi/12.3.1/../../../../arm-none-eabi/lib/thumb/v7-m/nofp\libc_nano.a(libc_a-fwalk.o)
                              E:/STM32CubeIDE_1.16.0/STM32CubeIDE/plugins/com.st.stm32cube.ide.mcu.externaltools.gnu-tools-for-stm32.12.3.rel1.win32_1.0.200.202406191623/tools/bin/../lib/gcc/arm-none-eabi/12.3.1/../../../../arm-none-eabi/lib/thumb/v7-m/nofp\libc_nano.a(libc_a-findfp.o) (_fwalk_sglue)
E:/STM32CubeIDE_1.16.0/STM32CubeIDE/plugins/com.st.stm32cube.ide.mcu.externaltools.gnu-tools-for-stm32.12.3.rel1.win32_1.0.200.202406191623/tools/bin/../lib/gcc/arm-none-eabi/12.3.1/../../../../arm-none-eabi/lib/thumb/v7-m/nofp\libc_nano.a(libc_a-stdio.o)
                              E:/STM32CubeIDE_1.16.0/STM32CubeIDE/plugins/com.st.stm32cube.ide.mcu.externaltools.gnu-tools-for-stm32.12.3.rel1.win32_1.0.200.202406191623/tools/bin/../lib/gcc/arm-none-eabi/12.3.1/../../../../arm-none-eabi/lib/thumb/v7-m/nofp\libc_nano.a(libc_a-findfp.o) (__sread)
E:/STM32CubeIDE_1.16.0/STM32CubeIDE/plugins/com.st.stm32cube.ide.mcu.externaltools.gnu-tools-for-stm32.12.3.rel1.win32_1.0.200.202406191623/tools/bin/../lib/gcc/arm-none-eabi/12.3.1/../../../../arm-none-eabi/lib/thumb/v7-m/nofp\libc_nano.a(libc_a-memset.o)
                              E:/STM32CubeIDE_1.16.0/STM32CubeIDE/plugins/com.st.stm32cube.ide.mcu.externaltools.gnu-tools-for-stm32.12.3.rel1.win32_1.0.200.202406191623/tools/bin/../lib/gcc/arm-none-eabi/12.3.1/../../../../arm-none-eabi/lib/thumb/v7-m/nofp/crt0.o (memset)
E:/STM32CubeIDE_1.16.0/STM32CubeIDE/plugins/com.st.stm32cube.ide.mcu.externaltools.gnu-tools-for-stm32.12.3.rel1.win32_1.0.200.202406191623/tools/bin/../lib/gcc/arm-none-eabi/12.3.1/../../../../arm-none-eabi/lib/thumb/v7-m/nofp\libc_nano.a(libc_a-closer.o)
                              E:/STM32CubeIDE_1.16.0/STM32CubeIDE/plugins/com.st.stm32cube.ide.mcu.externaltools.gnu-tools-for-stm32.12.3.rel1.win32_1.0.200.202406191623/tools/bin/../lib/gcc/arm-none-eabi/12.3.1/../../../../arm-none-eabi/lib/thumb/v7-m/nofp\libc_nano.a(libc_a-stdio.o) (_close_r)
E:/STM32CubeIDE_1.16.0/STM32CubeIDE/plugins/com.st.stm32cube.ide.mcu.externaltools.gnu-tools-for-stm32.12.3.rel1.win32_1.0.200.202406191623/tools/bin/../lib/gcc/arm-none-eabi/12.3.1/../../../../arm-none-eabi/lib/thumb/v7-m/nofp\libc_nano.a(libc_a-reent.o)
                              E:/STM32CubeIDE_1.16.0/STM32CubeIDE/plugins/com.st.stm32cube.ide.mcu.externaltools.gnu-tools-for-stm32.12.3.rel1.win32_1.0.200.202406191623/tools/bin/../lib/gcc/arm-none-eabi/12.3.1/../../../../arm-none-eabi/lib/thumb/v7-m/nofp\libc_nano.a(libc_a-closer.o) (errno)
E:/STM32CubeIDE_1.16.0/STM32CubeIDE/plugins/com.st.stm32cube.ide.mcu.externaltools.gnu-tools-for-stm32.12.3.rel1.win32_1.0.200.202406191623/tools/bin/../lib/gcc/arm-none-eabi/12.3.1/../../../../arm-none-eabi/lib/thumb/v7-m/nofp\libc_nano.a(libc_a-impure.o)
                              E:/STM32CubeIDE_1.16.0/STM32CubeIDE/plugins/com.st.stm32cube.ide.mcu.externaltools.gnu-tools-for-stm32.12.3.rel1.win32_1.0.200.202406191623/tools/bin/../lib/gcc/arm-none-eabi/12.3.1/../../../../arm-none-eabi/lib/thumb/v7-m/nofp\libc_nano.a(libc_a-reent.o) (_impure_ptr)
E:/STM32CubeIDE_1.16.0/STM32CubeIDE/plugins/com.st.stm32cube.ide.mcu.externaltools.gnu-tools-for-stm32.12.3.rel1.win32_1.0.200.202406191623/tools/bin/../lib/gcc/arm-none-eabi/12.3.1/../../../../arm-none-eabi/lib/thumb/v7-m/nofp\libc_nano.a(libc_a-lseekr.o)
[...]
Memory Configuration

Name             Origin             Length             Attributes
RAM              0x20000000         0x00010000         xrw
FLASH            0x08000000         0x00080000         xr
*default*        0x00000000         0xffffffff

Linker script and memory map

LOAD E:/STM32CubeIDE_1.16.0/STM32CubeIDE/plugins/com.st.stm32cube.ide.mcu.externaltools.gnu-tools-for-stm32.12.3.rel1.win32_1.0.200.202406191623/tools/bin/../lib/gcc/arm-none-eabi/12.3.1/thumb/v7-m/nofp/crti.o
LOAD E:/STM32CubeIDE_1.16.0/STM32CubeIDE/plugins/com.st.stm32cube.ide.mcu.externaltools.gnu-tools-for-stm32.12.3.rel1.win32_1.0.200.202406191623/tools/bin/../lib/gcc/arm-none-eabi/12.3.1/thumb/v7-m/nofp/crtbegin.o
LOAD E:/STM32CubeIDE_1.16.0/STM32CubeIDE/plugins/com.st.stm32cube.ide.mcu.externaltools.gnu-tools-for-stm32.12.3.rel1.win32_1.0.200.202406191623/tools/bin/../lib/gcc/arm-none-eabi/12.3.1/../../../../arm-none-eabi/lib/thumb/v7-m/nofp/crt0.o
LOAD ./Core/Src/PID.o
LOAD ./Core/Src/gpio.o
LOAD ./Core/Src/main.o
LOAD ./Core/Src/message.o
LOAD ./Core/Src/motor.o
LOAD ./Core/Src/stm32f1xx_hal_msp.o
LOAD ./Core/Src/stm32f1xx_it.o
LOAD ./Core/Src/syscalls.o
LOAD ./Core/Src/sysmem.o
LOAD ./Core/Src/system_stm32f1xx.o
LOAD ./Core/Src/tick.o
LOAD ./Core/Src/tim.o
LOAD ./Core/Src/usart.o
LOAD ./Core/Startup/startup_stm32f103vetx.o
LOAD ./Drivers/STM32F1xx_HAL_Driver/Src/stm32f1xx_hal.o
LOAD ./Drivers/STM32F1xx_HAL_Driver/Src/stm32f1xx_hal_cortex.o
LOAD ./Drivers/STM32F1xx_HAL_Driver/Src/stm32f1xx_hal_dma.o
LOAD ./Drivers/STM32F1xx_HAL_Driver/Src/stm32f1xx_hal_exti.o
LOAD ./Drivers/STM32F1xx_HAL_Driver/Src/stm32f1xx_hal_flash.o
LOAD ./Drivers/STM32F1xx_HAL_Driver/Src/stm32f1xx_hal_flash_ex.o
LOAD ./Drivers/STM32F1xx_HAL_Driver/Src/stm32f1xx_hal_gpio.o
LOAD ./Drivers/STM32F1xx_HAL_Driver/Src/stm32f1xx_hal_gpio_ex.o
LOAD ./Drivers/STM32F1xx_HAL_Driver/Src/stm32f1xx_hal_pwr.o
LOAD ./Drivers/STM32F1xx_HAL_Driver/Src/stm32f1xx_hal_rcc.o
LOAD ./Drivers/STM32F1xx_HAL_Driver/Src/stm32f1xx_hal_rcc_ex.o
LOAD ./Drivers/STM32F1xx_HAL_Driver/Src/stm32f1xx_hal_tim.o
LOAD ./Drivers/STM32F1xx_HAL_Driver/Src/stm32f1xx_hal_tim_ex.o
LOAD ./Drivers/STM32F1xx_HAL_Driver/Src/stm32f1xx_hal_uart.o
START GROUP
LOAD E:/STM32CubeIDE_1.16.0/STM32CubeIDE/plugins/com.st.stm32cube.ide.mcu.externaltools.gnu-tools-for-stm32.12.3.rel1.win32_1.0.200.202406191623/tools/bin/../lib/gcc/arm-none-eabi/12.3.1/../../../../arm-none-eabi/lib/thumb/v7-m/nofp\libc_nano.a
LOAD E:/STM32CubeIDE_1.16.0/STM32CubeIDE/plugins/com.st.stm32cube.ide.mcu.externaltools.gnu-tools-for-stm32.12.3.rel1.win32_1.0.200.202406191623/tools/bin/../lib/gcc/arm-none-eabi/12.3.1/../../../../arm-none-eabi/lib/thumb/v7-m/nofp\libm.a
END GROUP
START GROUP
LOAD E:/STM32CubeIDE_1.16.0/STM32CubeIDE/plugins/com.st.stm32cube.ide.mcu.externaltools.gnu-tools-for-stm32.12.3.rel1.win32_1.0.200.202406191623/tools/bin/../lib/gcc/arm-none-eabi/12.3.1/thumb/v7-m/nofp\libgcc.a
LOAD E:/STM32CubeIDE_1.16.0/STM32CubeIDE/plugins/com.st.stm32cube.ide.mcu.externaltools.gnu-tools-for-stm32.12.3.rel1.win32_1.0.200.202406191623/tools/bin/../lib/gcc/arm-none-eabi/12.3.1/../../../../arm-none-eabi/lib/thumb/v7-m/nofp\libc_nano.a
END GROUP
START GROUP
LOAD E:/STM32CubeIDE_1.16.0/STM32CubeIDE/plugins/com.st.stm32cube.ide.mcu.externaltools.gnu-tools-for-stm32.12.3.rel1.win32_1.0.200.202406191623/tools/bin/../lib/gcc/arm-none-eabi/12.3.1/thumb/v7-m/nofp\libgcc.a
LOAD E:/STM32CubeIDE_1.16.0/STM32CubeIDE/plugins/com.st.stm32cube.ide.mcu.externaltools.gnu-tools-for-stm32.12.3.rel1.win32_1.0.200.202406191623/tools/bin/../lib/gcc/arm-none-eabi/12.3.1/../../../../arm-none-eabi/lib/thumb/v7-m/nofp\libc_nano.a
LOAD E:/STM32CubeIDE_1.16.0/STM32CubeIDE/plugins/com.st.stm32cube.ide.mcu.externaltools.gnu-tools-for-stm32.12.3.rel1.win32_1.0.200.202406191623/tools/bin/../lib/gcc/arm-none-eabi/12.3.1/../../../../arm-none-eabi/lib/thumb/v7-m/nofp\libnosys.a
END GROUP
START GROUP
LOAD E:/STM32CubeIDE_1.16.0/STM32CubeIDE/plugins/com.st.stm32cube.ide.mcu.externaltools.gnu-tools-for-stm32.12.3.rel1.win32_1.0.200.202406191623/tools/bin/../lib/gcc/arm-none-eabi/12.3.1/thumb/v7-m/nofp\libgcc.a
LOAD E:/STM32CubeIDE_1.16.0/STM32CubeIDE/plugins/com.st.stm32cube.ide.mcu.externaltools.gnu-tools-for-stm32.12.3.rel1.win32_1.0.200.202406191623/tools/bin/../lib/gcc/arm-none-eabi/12.3.1/../../../../arm-none-eabi/lib/thumb/v7-m/nofp\libc_nano.a
LOAD E:/STM32CubeIDE_1.16.0/STM32CubeIDE/plugins/com.st.stm32cube.ide.mcu.externaltools.gnu-tools-for-stm32.12.3.rel1.win32_1.0.200.202406191623/tools/bin/../lib/gcc/arm-none-eabi/12.3.1/../../../../arm-none-eabi/lib/thumb/v7-m/nofp\libnosys.a
END GROUP
LOAD E:/STM32CubeIDE_1.16.0/STM32CubeIDE/plugins/com.st.stm32cube.ide.mcu.externaltools.gnu-tools-for-stm32.12.3.rel1.win32_1.0.200.202406191623/tools/bin/../lib/gcc/arm-none-eabi/12.3.1/thumb/v7-m/nofp/crtend.o
LOAD E:/STM32CubeIDE_1.16.0/STM32CubeIDE/plugins/com.st.stm32cube.ide.mcu.externaltools.gnu-tools-for-stm32.12.3.rel1.win32_1.0.200.202406191623/tools/bin/../lib/gcc/arm-none-eabi/12.3.1/thumb/v7-m/nofp/crtn.o
                0x20010000                        _estack = (ORIGIN (RAM) + LENGTH (RAM))
                0x00000200                        _Min_Heap_Size = 0x200
                0x00000400                        _Min_Stack_Size = 0x400

.isr_vector     0x08000000      0x1e4
                0x08000000                        . = ALIGN (0x4)
 *(.isr_vector)
 .isr_vector    0x08000000      0x1e4 ./Core/Startup/startup_stm32f103vetx.o
                0x08000000                g_pfnVectors
                0x080001e4                        . = ALIGN (0x4)

.text           0x080001e4     0x3820
                0x080001e4                        . = ALIGN (0x4)
 *(.text)
 .text          0x080001e4       0x40 E:/STM32CubeIDE_1.16.0/STM32CubeIDE/plugins/com.st.stm32cube.ide.mcu.externaltools.gnu-tools-for-stm32.12.3.rel1.win32_1.0.200.202406191623/tools/bin/../lib/gcc/arm-none-eabi/12.3.1/thumb/v7-m/nofp/crtbegin.o
 *(.text*)
 .text.PID_init
                0x08000224       0x54 ./Core/Src/PID.o
                0x08000224                PID_init
 .text.PID_vel  0x08000278      0x12c ./Core/Src/PID.o
                0x08000278                PID_vel
 .text.MX_GPIO_Init
                0x080003a4      0x120 ./Core/Src/gpio.o
                0x080003a4                MX_GPIO_Init
 .text.main     0x080004c4      0x1ac ./Core/Src/main.o
                0x080004c4                main
 .text.SystemClock_Config
                0x08000670       0x8a ./Core/Src/main.o
                0x08000670                SystemClock_Config
 .text.Error_Handler
                0x080006fa        0xc ./Core/Src/main.o
                0x080006fa                Error_Handler
 *fill*         0x08000706        0x2 
 .text.send_message
                0x08000708       0x60 ./Core/Src/message.o
                0x08000708                send_message
 .text.motor_init
                0x08000768       0xa8 ./Core/Src/motor.o
                0x08000768                motor_init
 .text.set_motor_speed
                0x08000810      0x198 ./Core/Src/motor.o
                0x08000810                set_motor_speed
 .text.get_encoder_CNT
                0x080009a8       0xc4 ./Core/Src/motor.o
                0x080009a8                get_encoder_CNT
 .text.HAL_MspInit
                0x08000a6c       0x64 ./Core/Src/stm32f1xx_hal_msp.o
                0x08000a6c                HAL_MspInit
 .text.NMI_Handler
                0x08000ad0        0x8 ./Core/Src/stm32f1xx_it.o
                0x08000ad0                NMI_Handler
 .text.HardFault_Handler
                0x08000ad8        0x8 ./Core/Src/stm32f1xx_it.o
                0x08000ad8                HardFault_Handler
 .text.MemManage_Handler
                0x08000ae0        0x8 ./Core/Src/stm32f1xx_it.o
                0x08000ae0                MemManage_Handler
 .text.BusFault_Handler
                0x08000ae8        0x8 ./Core/Src/stm32f1xx_it.o
                0x08000ae8                BusFault_Handler
 .text.UsageFault_Handler
                0x08000af0        0x8 ./Core/Src/stm32f1xx_it.o
                0x08000af0                UsageFault_Handler
 .text.SVC_Handler
                0x08000af8        0xc ./Core/Src/stm32f1xx_it.o
                0x08000af8                SVC_Handler
 .text.DebugMon_Handler
                0x08000b04        0xc ./Core/Src/stm32f1xx_it.o
                0x08000b04                DebugMon_Handler
 .text.PendSV_Handler
                0x08000b10        0xc ./Core/Src/stm32f1xx_it.o
                0x08000b10                PendSV_Handler
 .text.SysTick_Handler
                0x08000b1c        0xc ./Core/Src/stm32f1xx_it.o
                0x08000b1c                SysTick_Handler
 .text.SystemInit
                0x08000b28        0xc ./Core/Src/system_stm32f1xx.o
                0x08000b28                SystemInit
 .text.get_real_tick
                0x08000b34       0x2c ./Core/Src/tick.o
                0x08000b34                get_real_tick
 .text.MX_TIM1_Init
                0x08000b60      0x158 ./Core/Src/tim.o
                0x08000b60                MX_TIM1_Init
 .text.MX_TIM3_Init
                0x08000cb8       0xa8 ./Core/Src/tim.o
                0x08000cb8                MX_TIM3_Init
 .text.MX_TIM4_Init
                0x08000d60       0xa8 ./Core/Src/tim.o
                0x08000d60                MX_TIM4_Init
 .text.MX_TIM5_Init
                0x08000e08       0xa8 ./Core/Src/tim.o
                0x08000e08                MX_TIM5_Init
 .text.MX_TIM6_Init
                0x08000eb0       0x6c ./Core/Src/tim.o
                0x08000eb0                MX_TIM6_Init
 .text.MX_TIM7_Init
                0x08000f1c       0x6c ./Core/Src/tim.o
                0x08000f1c                MX_TIM7_Init
 .text.MX_TIM8_Init
                0x08000f88      0x144 ./Core/Src/tim.o
                0x08000f88                MX_TIM8_Init
 .text.HAL_TIM_Base_MspInit
                0x080010cc       0xf8 ./Core/Src/tim.o
                0x080010cc                HAL_TIM_Base_MspInit
 .text.HAL_TIM_Encoder_MspInit
                0x080011c4      0x154 ./Core/Src/tim.o
                0x080011c4                HAL_TIM_Encoder_MspInit
 .text.HAL_TIM_MspPostInit
                0x08001318       0xac ./Core/Src/tim.o
                0x08001318                HAL_TIM_MspPostInit
 .text.MX_USART1_UART_Init
                0x080013c4       0x54 ./Core/Src/usart.o
                0x080013c4                MX_USART1_UART_Init
 .text.MX_USART3_UART_Init
                0x08001418       0x54 ./Core/Src/usart.o
                0x08001418                MX_USART3_UART_Init
 .text.HAL_UART_MspInit
                0x0800146c      0x128 ./Core/Src/usart.o
                0x0800146c                HAL_UART_MspInit
 .text.Reset_Handler
                0x08001594       0x48 ./Core/Startup/startup_stm32f103vetx.o
                0x08001594                Reset_Handler
 .text.Default_Handler
                0x080015dc        0x2 ./Core/Startup/startup_stm32f103vetx.o
                0x080015dc                RTC_Alarm_IRQHandler
                0x080015dc                EXTI2_IRQHandler
                0x080015dc                TIM8_TRG_COM_IRQHandler
                0x080015dc                TIM8_CC_IRQHandler
                0x080015dc                TIM1_CC_IRQHandler
                0x080015dc                TIM6_IRQHandler
                0x080015dc                PVD_IRQHandler
                0x080015dc                SDIO_IRQHandler
                0x080015dc                EXTI3_IRQHandler
                0x080015dc                EXTI0_IRQHandler
                0x080015dc                I2C2_EV_IRQHandler
                0x080015dc                ADC1_2_IRQHandler
                0x080015dc                SPI1_IRQHandler
                0x080015dc                TAMPER_IRQHandler
                0x080015dc                TIM8_UP_IRQHandler
                0x080015dc                DMA2_Channel2_IRQHandler
                0x080015dc                DMA1_Channel4_IRQHandler
                0x080015dc                USART3_IRQHandler
                0x080015dc                RTC_IRQHandler
                0x080015dc                DMA1_Channel7_IRQHandler
                0x080015dc                CAN1_RX1_IRQHandler
                0x080015dc                UART5_IRQHandler
                0x080015dc                ADC3_IRQHandler
                0x080015dc                TIM4_IRQHandler
                0x080015dc                DMA2_Channel1_IRQHandler
                0x080015dc                I2C1_EV_IRQHandler
                0x080015dc                DMA1_Channel6_IRQHandler
                0x080015dc                UART4_IRQHandler
                0x080015dc                TIM3_IRQHandler
                0x080015dc                RCC_IRQHandler
                0x080015dc                TIM1_TRG_COM_IRQHandler
                0x080015dc                DMA1_Channel1_IRQHandler
                0x080015dc                Default_Handler
                0x080015dc                EXTI15_10_IRQHandler
                0x080015dc                TIM7_IRQHandler
                0x080015dc                TIM5_IRQHandler
                0x080015dc                EXTI9_5_IRQHandler
                0x080015dc                SPI2_IRQHandler
                0x080015dc                DMA1_Channel5_IRQHandler
                0x080015dc                EXTI4_IRQHandler
                0x080015dc                USB_LP_CAN1_RX0_IRQHandler
                0x080015dc                USB_HP_CAN1_TX_IRQHandler
                0x080015dc                DMA1_Channel3_IRQHandler
                0x080015dc                FSMC_IRQHandler
                0x080015dc                TIM1_UP_IRQHandler
                0x080015dc                WWDG_IRQHandler
                0x080015dc                TIM2_IRQHandler
                0x080015dc                TIM1_BRK_IRQHandler
                0x080015dc                EXTI1_IRQHandler
                0x080015dc                DMA2_Channel4_5_IRQHandler
                0x080015dc                USART2_IRQHandler
                0x080015dc                I2C2_ER_IRQHandler
                0x080015dc                DMA1_Channel2_IRQHandler
                0x080015dc                TIM8_BRK_IRQHandler
                0x080015dc                CAN1_SCE_IRQHandler
                0x080015dc                FLASH_IRQHandler
                0x080015dc                USART1_IRQHandler
                0x080015dc                SPI3_IRQHandler
                0x080015dc                I2C1_ER_IRQHandler
                0x080015dc                USBWakeUp_IRQHandler
                0x080015dc                DMA2_Channel3_IRQHandler
 *fill*         0x080015de        0x2 
 .text.HAL_Init
                0x080015e0       0x2c ./Drivers/STM32F1xx_HAL_Driver/Src/stm32f1xx_hal.o
                0x080015e0                HAL_Init
 .text.HAL_InitTick
                0x0800160c       0x60 ./Drivers/STM32F1xx_HAL_Driver/Src/stm32f1xx_hal.o
                0x0800160c                HAL_InitTick
 .text.HAL_IncTick
                0x0800166c       0x24 ./Drivers/STM32F1xx_HAL_Driver/Src/stm32f1xx_hal.o
                0x0800166c                HAL_IncTick
 .text.HAL_GetTick
                0x08001690       0x14 ./Drivers/STM32F1xx_HAL_Driver/Src/stm32f1xx_hal.o
                0x08001690                HAL_GetTick
 .text.__NVIC_SetPriorityGrouping
                0x080016a4       0x48 ./Drivers/STM32F1xx_HAL_Driver/Src/stm32f1xx_hal_cortex.o
 .text.__NVIC_GetPriorityGrouping
                0x080016ec       0x1c ./Drivers/STM32F1xx_HAL_Driver/Src/stm32f1xx_hal_cortex.o
 .text.__NVIC_SetPriority
                0x08001708       0x54 ./Drivers/STM32F1xx_HAL_Driver/Src/stm32f1xx_hal_cortex.o
 .text.NVIC_EncodePriority
                0x0800175c       0x64 ./Drivers/STM32F1xx_HAL_Driver/Src/stm32f1xx_hal_cortex.o
 .text.SysTick_Config
                0x080017c0       0x44 ./Drivers/STM32F1xx_HAL_Driver/Src/stm32f1xx_hal_cortex.o
 .text.HAL_NVIC_SetPriorityGrouping
                0x08001804       0x16 ./Drivers/STM32F1xx_HAL_Driver/Src/stm32f1xx_hal_cortex.o
                0x08001804                HAL_NVIC_SetPriorityGrouping
 .text.HAL_NVIC_SetPriority
                0x0800181a       0x38 ./Drivers/STM32F1xx_HAL_Driver/Src/stm32f1xx_hal_cortex.o
                0x0800181a                HAL_NVIC_SetPriority
 .text.HAL_SYSTICK_Config
                0x08001852       0x18 ./Drivers/STM32F1xx_HAL_Driver/Src/stm32f1xx_hal_cortex.o
                0x08001852                HAL_SYSTICK_Config
 *fill*         0x0800186a        0x2 
 .text.HAL_GPIO_Init
                0x0800186c      0x328 ./Drivers/STM32F1xx_HAL_Driver/Src/stm32f1xx_hal_gpio.o
                0x0800186c                HAL_GPIO_Init
 .text.HAL_GPIO_WritePin
                0x08001b94       0x30 ./Drivers/STM32F1xx_HAL_Driver/Src/stm32f1xx_hal_gpio.o
                0x08001b94                HAL_GPIO_WritePin
 .text.HAL_RCC_OscConfig
                0x08001bc4      0x504 ./Drivers/STM32F1xx_HAL_Driver/Src/stm32f1xx_hal_rcc.o
                0x08001bc4                HAL_RCC_OscConfig
 .text.HAL_RCC_ClockConfig
                0x080020c8      0x1d4 ./Drivers/STM32F1xx_HAL_Driver/Src/stm32f1xx_hal_rcc.o
                0x080020c8                HAL_RCC_ClockConfig
 .text.HAL_RCC_GetSysClockFreq
                0x0800229c       0xa8 ./Drivers/STM32F1xx_HAL_Driver/Src/stm32f1xx_hal_rcc.o
                0x0800229c                HAL_RCC_GetSysClockFreq
 .text.HAL_RCC_GetHCLKFreq
                0x08002344       0x14 ./Drivers/STM32F1xx_HAL_Driver/Src/stm32f1xx_hal_rcc.o
                0x08002344                HAL_RCC_GetHCLKFreq
 .text.HAL_RCC_GetPCLK1Freq
                0x08002358       0x28 ./Drivers/STM32F1xx_HAL_Driver/Src/stm32f1xx_hal_rcc.o
                0x08002358                HAL_RCC_GetPCLK1Freq
 .text.HAL_RCC_GetPCLK2Freq
                0x08002380       0x28 ./Drivers/STM32F1xx_HAL_Driver/Src/stm32f1xx_hal_rcc.o
                0x08002380                HAL_RCC_GetPCLK2Freq
 .text.RCC_Delay
                0x080023a8       0x3c ./Drivers/STM32F1xx_HAL_Driver/Src/stm32f1xx_hal_rcc.o
 .text.HAL_TIM_Base_Init
                0x080023e4       0x9e ./Drivers/STM32F1xx_HAL_Driver/Src/stm32f1xx_hal_tim.o
                0x080023e4                HAL_TIM_Base_Init
 *fill*         0x08002482        0x2 
 .text.HAL_TIM_Base_Start
                0x08002484       0xb0 ./Drivers/STM32F1xx_HAL_Driver/Src/stm32f1xx_hal_tim.o
                0x08002484                HAL_TIM_Base_Start
 .text.HAL_TIM_PWM_Init
                0x08002534       0x9e ./Drivers/STM32F1xx_HAL_Driver/Src/stm32f1xx_hal_tim.o
                0x08002534                HAL_TIM_PWM_Init
 .text.HAL_TIM_PWM_MspInit
                0x080025d2       0x12 ./Drivers/STM32F1xx_HAL_Driver/Src/stm32f1xx_hal_tim.o
                0x080025d2                HAL_TIM_PWM_MspInit
 .text.HAL_TIM_PWM_Start
                0x080025e4      0x174 ./Drivers/STM32F1xx_HAL_Driver/Src/stm32f1xx_hal_tim.o
                0x080025e4                HAL_TIM_PWM_Start
 .text.HAL_TIM_Encoder_Init
                0x08002758      0x144 ./Drivers/STM32F1xx_HAL_Driver/Src/stm32f1xx_hal_tim.o
                0x08002758                HAL_TIM_Encoder_Init
 .text.HAL_TIM_Encoder_Start
                0x0800289c      0x11c ./Drivers/STM32F1xx_HAL_Driver/Src/stm32f1xx_hal_tim.o
                0x0800289c                HAL_TIM_Encoder_Start
 .text.HAL_TIM_PWM_ConfigChannel
                0x080029b8      0x184 ./Drivers/STM32F1xx_HAL_Driver/Src/stm32f1xx_hal_tim.o
                0x080029b8                HAL_TIM_PWM_ConfigChannel
 .text.HAL_TIM_ConfigClockSource
                0x08002b3c      0x18e ./Drivers/STM32F1xx_HAL_Driver/Src/stm32f1xx_hal_tim.o
                0x08002b3c                HAL_TIM_ConfigClockSource
 *fill*         0x08002cca        0x2 
 .text.TIM_Base_SetConfig
                0x08002ccc      0x10c ./Drivers/STM32F1xx_HAL_Driver/Src/stm32f1xx_hal_tim.o
                0x08002ccc                TIM_Base_SetConfig
 .text.TIM_OC1_SetConfig
                0x08002dd8       0xe0 ./Drivers/STM32F1xx_HAL_Driver/Src/stm32f1xx_hal_tim.o
 .text.TIM_OC2_SetConfig
                0x08002eb8       0xe8 ./Drivers/STM32F1xx_HAL_Driver/Src/stm32f1xx_hal_tim.o
                0x08002eb8                TIM_OC2_SetConfig
 .text.TIM_OC3_SetConfig
                0x08002fa0       0xe8 ./Drivers/STM32F1xx_HAL_Driver/Src/stm32f1xx_hal_tim.o
 .text.TIM_OC4_SetConfig
                0x08003088       0xa8 ./Drivers/STM32F1xx_HAL_Driver/Src/stm32f1xx_hal_tim.o
 .text.TIM_TI1_ConfigInputStage
                0x08003130       0x5c ./Drivers/STM32F1xx_HAL_Driver/Src/stm32f1xx_hal_tim.o
 .text.TIM_TI2_ConfigInputStage
                0x0800318c       0x5e ./Drivers/STM32F1xx_HAL_Driver/Src/stm32f1xx_hal_tim.o
 .text.TIM_ITRx_SetConfig
                0x080031ea       0x34 ./Drivers/STM32F1xx_HAL_Driver/Src/stm32f1xx_hal_tim.o
 .text.TIM_ETR_SetConfig
                0x0800321e       0x3e ./Drivers/STM32F1xx_HAL_Driver/Src/stm32f1xx_hal_tim.o
                0x0800321e                TIM_ETR_SetConfig
 .text.TIM_CCxChannelCmd
                0x0800325c       0x48 ./Drivers/STM32F1xx_HAL_Driver/Src/stm32f1xx_hal_tim.o
                0x0800325c                TIM_CCxChannelCmd
 .text.HAL_TIMEx_MasterConfigSynchronization
                0x080032a4       0xd8 ./Drivers/STM32F1xx_HAL_Driver/Src/stm32f1xx_hal_tim_ex.o
                0x080032a4                HAL_TIMEx_MasterConfigSynchronization
 .text.HAL_TIMEx_ConfigBreakDeadTime
                0x0800337c       0xa2 ./Drivers/STM32F1xx_HAL_Driver/Src/stm32f1xx_hal_tim_ex.o
                0x0800337c                HAL_TIMEx_ConfigBreakDeadTime
 .text.HAL_UART_Init
                0x0800341e       0xa0 ./Drivers/STM32F1xx_HAL_Driver/Src/stm32f1xx_hal_uart.o
                0x0800341e                HAL_UART_Init
 .text.HAL_UART_Transmit
                0x080034be      0x116 ./Drivers/STM32F1xx_HAL_Driver/Src/stm32f1xx_hal_uart.o
                0x080034be                HAL_UART_Transmit
 .text.HAL_UART_Receive
                0x080035d4      0x12e ./Drivers/STM32F1xx_HAL_Driver/Src/stm32f1xx_hal_uart.o
                0x080035d4                HAL_UART_Receive
 .text.UART_WaitOnFlagUntilTimeout
                0x08003702       0xb2 ./Drivers/STM32F1xx_HAL_Driver/Src/stm32f1xx_hal_uart.o
 .text.UART_EndRxTransfer
                0x080037b4       0xc4 ./Drivers/STM32F1xx_HAL_Driver/Src/stm32f1xx_hal_uart.o
 .text.UART_SetConfig
                0x08003878      0x11c ./Drivers/STM32F1xx_HAL_Driver/Src/stm32f1xx_hal_uart.o
 .text.memset   0x08003994       0x10 E:/STM32CubeIDE_1.16.0/STM32CubeIDE/plugins/com.st.stm32cube.ide.mcu.externaltools.gnu-tools-for-stm32.12.3.rel1.win32_1.0.200.202406191623/tools/bin/../lib/gcc/arm-none-eabi/12.3.1/../../../../arm-none-eabi/lib/thumb/v7-m/nofp\libc_nano.a(libc_a-memset.o)
                0x08003994                memset
 .text.__libc_init_array
                0x080039a4       0x48 E:/STM32CubeIDE_1.16.0/STM32CubeIDE/plugins/com.st.stm32cube.ide.mcu.externaltools.gnu-tools-for-stm32.12.3.rel1.win32_1.0.200.202406191623/tools/bin/../lib/gcc/arm-none-eabi/12.3.1/../../../../arm-none-eabi/lib/thumb/v7-m/nofp\libc_nano.a(libc_a-init.o)
                0x080039a4                __libc_init_array
 *(.glue_7)
 .glue_7        0x080039ec        0x0 linker stubs
 *(.glue_7t)
 .glue_7t       0x080039ec        0x0 linker stubs
 *(.eh_frame)
 .eh_frame      0x080039ec        0x0 E:/STM32CubeIDE_1.16.0/STM32CubeIDE/plugins/com.st.stm32cube.ide.mcu.externaltools.gnu-tools-for-stm32.12.3.rel1.win32_1.0.200.202406191623/tools/bin/../lib/gcc/arm-none-eabi/12.3.1/thumb/v7-m/nofp/crtbegin.o
 *(.init)
 .init          0x080039ec        0x4 E:/STM32CubeIDE_1.16.0/STM32CubeIDE/plugins/com.st.stm32cube.ide.mcu.externaltools.gnu-tools-for-stm32.12.3.rel1.win32_1.0.200.202406191623/tools/bin/../lib/gcc/arm-none-eabi/12.3.1/thumb/v7-m/nofp/crti.o
                0x080039ec                _init
 .init          0x080039f0        0x8 E:/STM32CubeIDE_1.16.0/STM32CubeIDE/plugins/com.st.stm32cube.ide.mcu.externaltools.gnu-tools-for-stm32.12.3.rel1.win32_1.0.200.202406191623/tools/bin/../lib/gcc/arm-none-eabi/12.3.1/thumb/v7-m/nofp/crtn.o
 *(.fini)
 .fini          0x080039f8        0x4 E:/STM32CubeIDE_1.16.0/STM32CubeIDE/plugins/com.st.stm32cube.ide.mcu.externaltools.gnu-tools-for-stm32.12.3.rel1.win32_1.0.200.202406191623/tools/bin/../lib/gcc/arm-none-eabi/12.3.1/thumb/v7-m/nofp/crti.o
                0x080039f8                _fini
 .fini          0x080039fc        0x8 E:/STM32CubeIDE_1.16.0/STM32CubeIDE/plugins/com.st.stm32cube.ide.mcu.externaltools.gnu-tools-for-stm32.12.3.rel1.win32_1.0.200.202406191623/tools/bin/../lib/gcc/arm-none-eabi/12.3.1/thumb/v7-m/nofp/crtn.o
                0x08003a04                        . = ALIGN (0x4)
                0x08003a04                        _etext = .

.vfp11_veneer   0x08003a04        0x0
 .vfp11_veneer  0x08003a04        0x0 linker stubs

.v4_bx          0x08003a04        0x0
 .v4_bx         0x08003a04        0x0 linker stubs

.iplt           0x08003a04        0x0
 .iplt          0x08003a04        0x0 E:/STM32CubeIDE_1.16.0/STM32CubeIDE/plugins/com.st.stm32cube.ide.mcu.externaltools.gnu-tools-for-stm32.12.3.rel1.win32_1.0.200.202406191623/tools/bin/../lib/gcc/arm-none-eabi/12.3.1/thumb/v7-m/nofp/crtbegin.o

.rodata         0x08003a04       0x2c
                0x08003a04                        . = ALIGN (0x4)
 *(.rodata)
 *(.rodata*)
 .rodata.AHBPrescTable
                0x08003a04       0x10 ./Core/Src/system_stm32f1xx.o
                0x08003a04                AHBPrescTable
 .rodata.APBPrescTable
                0x08003a14        0x8 ./Core/Src/system_stm32f1xx.o
                0x08003a14                APBPrescTable
 .rodata.aPLLMULFactorTable.1
                0x08003a1c       0x10 ./Drivers/STM32F1xx_HAL_Driver/Src/stm32f1xx_hal_rcc.o
 .rodata.aPredivFactorTable.0
                0x08003a2c        0x2 ./Drivers/STM32F1xx_HAL_Driver/Src/stm32f1xx_hal_rcc.o
                0x08003a30                        . = ALIGN (0x4)
 *fill*         0x08003a2e        0x2 

.ARM.extab      0x08003a30        0x0
                0x08003a30                        . = ALIGN (0x4)
 *(.ARM.extab* .gnu.linkonce.armextab.*)
                0x08003a30                        . = ALIGN (0x4)

.ARM            0x08003a30        0x0
                0x08003a30                        . = ALIGN (0x4)
                0x08003a30                        __exidx_start = .
 *(.ARM.exidx*)
                0x08003a30                        __exidx_end = .
                0x08003a30                        . = ALIGN (0x4)

.preinit_array  0x08003a30        0x0
                0x08003a30                        . = ALIGN (0x4)
                0x08003a30                        PROVIDE (__preinit_array_start = .)
 *(.preinit_array*)
                0x08003a30                        PROVIDE (__preinit_array_end = .)
                0x08003a30                        . = ALIGN (0x4)

.init_array     0x08003a30        0x4
                0x08003a30                        . = ALIGN (0x4)
                0x08003a30                        PROVIDE (__init_array_start = .)
 *(SORT_BY_NAME(.init_array.*))
 *(.init_array*)
 .init_array    0x08003a30        0x4 E:/STM32CubeIDE_1.16.0/STM32CubeIDE/plugins/com.st.stm32cube.ide.mcu.externaltools.gnu-tools-for-stm32.12.3.rel1.win32_1.0.200.202406191623/tools/bin/../lib/gcc/arm-none-eabi/12.3.1/thumb/v7-m/nofp/crtbegin.o
                0x08003a34                        PROVIDE (__init_array_end = .)
                0x08003a34                        . = ALIGN (0x4)

.fini_array     0x08003a34        0x4
                0x08003a34                        . = ALIGN (0x4)
                [!provide]                        PROVIDE (__fini_array_start = .)
 *(SORT_BY_NAME(.fini_array.*))
 *(.fini_array*)
 .fini_array    0x08003a34        0x4 E:/STM32CubeIDE_1.16.0/STM32CubeIDE/plugins/com.st.stm32cube.ide.mcu.externaltools.gnu-tools-for-stm32.12.3.rel1.win32_1.0.200.202406191623/tools/bin/../lib/gcc/arm-none-eabi/12.3.1/thumb/v7-m/nofp/crtbegin.o
                [!provide]                        PROVIDE (__fini_array_end = .)
                0x08003a38                        . = ALIGN (0x4)
                0x08003a38                        _sidata = LOADADDR (.data)

.rel.dyn        0x08003a38        0x0
 .rel.iplt      0x08003a38        0x0 E:/STM32CubeIDE_1.16.0/STM32CubeIDE/plugins/com.st.stm32cube.ide.mcu.externaltools.gnu-tools-for-stm32.12.3.rel1.win32_1.0.200.202406191623/tools/bin/../lib/gcc/arm-none-eabi/12.3.1/thumb/v7-m/nofp/crtbegin.o

.data           0x20000000        0xc load address 0x08003a38
                0x20000000                        . = ALIGN (0x4)
                0x20000000                        _sdata = .
 *(.data)
 *(.data*)
 .data.SystemCoreClock
                0x20000000        0x4 ./Core/Src/system_stm32f1xx.o
                0x20000000                SystemCoreClock
 .data.uwTickPrio
                0x20000004        0x4 ./Drivers/STM32F1xx_HAL_Driver/Src/stm32f1xx_hal.o
                0x20000004                uwTickPrio
 .data.uwTickFreq
                0x20000008        0x1 ./Drivers/STM32F1xx_HAL_Driver/Src/stm32f1xx_hal.o
                0x20000008                uwTickFreq
 *(.RamFunc)
 *(.RamFunc*)
                0x2000000c                        . = ALIGN (0x4)
 *fill*         0x20000009        0x3 
                0x2000000c                        _edata = .

.igot.plt       0x2000000c        0x0 load address 0x08003a44
 .igot.plt      0x2000000c        0x0 E:/STM32CubeIDE_1.16.0/STM32CubeIDE/plugins/com.st.stm32cube.ide.mcu.externaltools.gnu-tools-for-stm32.12.3.rel1.win32_1.0.200.202406191623/tools/bin/../lib/gcc/arm-none-eabi/12.3.1/thumb/v7-m/nofp/crtbegin.o
                0x2000000c                        . = ALIGN (0x4)

.bss            0x2000000c      0x2b4 load address 0x08003a44
                0x2000000c                        _sbss = .
                0x2000000c                        __bss_start__ = _sbss
 *(.bss)
 .bss           0x2000000c       0x1c E:/STM32CubeIDE_1.16.0/STM32CubeIDE/plugins/com.st.stm32cube.ide.mcu.externaltools.gnu-tools-for-stm32.12.3.rel1.win32_1.0.200.202406191623/tools/bin/../lib/gcc/arm-none-eabi/12.3.1/thumb/v7-m/nofp/crtbegin.o
 *(.bss*)
 .bss.last_call.0
                0x20000028        0xc ./Core/Src/motor.o
 .bss.htim1     0x20000034       0x48 ./Core/Src/tim.o
                0x20000034                htim1
 .bss.htim3     0x2000007c       0x48 ./Core/Src/tim.o
                0x2000007c                htim3
 .bss.htim4     0x200000c4       0x48 ./Core/Src/tim.o
                0x200000c4                htim4
 .bss.htim5     0x2000010c       0x48 ./Core/Src/tim.o
                0x2000010c                htim5
 .bss.htim6     0x20000154       0x48 ./Core/Src/tim.o
                0x20000154                htim6
 .bss.htim7     0x2000019c       0x48 ./Core/Src/tim.o
                0x2000019c                htim7
 .bss.htim8     0x200001e4       0x48 ./Core/Src/tim.o
                0x200001e4                htim8
 .bss.huart1    0x2000022c       0x48 ./Core/Src/usart.o
                0x2000022c                huart1
 .bss.huart3    0x20000274       0x48 ./Core/Src/usart.o
                0x20000274                huart3
 .bss.uwTick    0x200002bc        0x4 ./Drivers/STM32F1xx_HAL_Driver/Src/stm32f1xx_hal.o
                0x200002bc                uwTick
 *(COMMON)
                0x200002c0                        . = ALIGN (0x4)
                0x200002c0                        _ebss = .
                0x200002c0                        __bss_end__ = _ebss

._user_heap_stack
                0x200002c0      0x600 load address 0x08003a44
                0x200002c0                        . = ALIGN (0x8)
                [!provide]                        PROVIDE (end = .)
                0x200002c0                        PROVIDE (_end = .)
                0x200004c0                        . = (. + _Min_Heap_Size)
 *fill*         0x200002c0      0x200 
                0x200008c0                        . = (. + _Min_Stack_Size)
 *fill*         0x200004c0      0x400 
                0x200008c0                        . = ALIGN (0x8)

/DISCARD/
 libc.a(*)
 libm.a(*)
 libgcc.a(*)

.ARM.attributes
                0x00000000       0x29
 *(.ARM.attributes)
 .ARM.attributes
                0x00000000       0x1d E:/STM32CubeIDE_1.16.0/STM32CubeIDE/plugins/com.st.stm32cube.ide.mcu.externaltools.gnu-tools-for-stm32.12.3.rel1.win32_1.0.200.202406191623/tools/bin/../lib/gcc/arm-none-eabi/12.3.1/thumb/v7-m/nofp/crti.o
 .ARM.attributes
                0x0000001d       0x2d E:/STM32CubeIDE_1.16.0/STM32CubeIDE/plugins/com.st.stm32cube.ide.mcu.externaltools.gnu-tools-for-stm32.12.3.rel1.win32_1.0.200.202406191623/tools/bin/../lib/gcc/arm-none-eabi/12.3.1/thumb/v7-m/nofp/crtbegin.o
 .ARM.attributes
                0x0000004a       0x2d ./Core/Src/PID.o
 .ARM.attributes
                0x00000077       0x2d ./Core/Src/gpio.o
 .ARM.attributes
                0x000000a4       0x2d ./Core/Src/main.o
 .ARM.attributes
                0x000000d1       0x2d ./Core/Src/message.o
 .ARM.attributes
                0x000000fe       0x2d ./Core/Src/motor.o
 .ARM.attributes
                0x0000012b       0x2d ./Core/Src/stm32f1xx_hal_msp.o
 .ARM.attributes
                0x00000158       0x2d ./Core/Src/stm32f1xx_it.o
 .ARM.attributes
                0x00000185       0x2d ./Core/Src/system_stm32f1xx.o
 .ARM.attributes
                0x000001b2       0x2d ./Core/Src/tick.o
 .ARM.attributes
                0x000001df       0x2d ./Core/Src/tim.o
 .ARM.attributes
                0x0000020c       0x2d ./Core/Src/usart.o
 .ARM.attributes
                0x00000239       0x21 ./Core/Startup/startup_stm32f103vetx.o
 .ARM.attributes
                0x0000025a       0x2d ./Drivers/STM32F1xx_HAL_Driver/Src/stm32f1xx_hal.o
 .ARM.attributes
                0x00000287       0x2d ./Drivers/STM32F1xx_HAL_Driver/Src/stm32f1xx_hal_cortex.o
 .ARM.attributes
                0x000002b4       0x2d ./Drivers/STM32F1xx_HAL_Driver/Src/stm32f1xx_hal_gpio.o
 .ARM.attributes
                0x000002e1       0x2d ./Drivers/STM32F1xx_HAL_Driver/Src/stm32f1xx_hal_rcc.o
 .ARM.attributes
                0x0000030e       0x2d ./Drivers/STM32F1xx_HAL_Driver/Src/stm32f1xx_hal_tim.o
 .ARM.attributes
                0x0000033b       0x2d ./Drivers/STM32F1xx_HAL_Driver/Src/stm32f1xx_hal_tim_ex.o
 .ARM.attributes
                0x00000368       0x2d ./Drivers/STM32F1xx_HAL_Driver/Src/stm32f1xx_hal_uart.o
 .ARM.attributes
                0x00000395       0x2d E:/STM32CubeIDE_1.16.0/STM32CubeIDE/plugins/com.st.stm32cube.ide.mcu.externaltools.gnu-tools-for-stm32.12.3.rel1.win32_1.0.200.202406191623/tools/bin/../lib/gcc/arm-none-eabi/12.3.1/../../../../arm-none-eabi/lib/thumb/v7-m/nofp\libc_nano.a(libc_a-memset.o)
 .ARM.attributes
                0x000003c2       0x2d E:/STM32CubeIDE_1.16.0/STM32CubeIDE/plugins/com.st.stm32cube.ide.mcu.externaltools.gnu-tools-for-stm32.12.3.rel1.win32_1.0.200.202406191623/tools/bin/../lib/gcc/arm-none-eabi/12.3.1/../../../../arm-none-eabi/lib/thumb/v7-m/nofp\libc_nano.a(libc_a-init.o)
 .ARM.attributes
                0x000003ef       0x1d E:/STM32CubeIDE_1.16.0/STM32CubeIDE/plugins/com.st.stm32cube.ide.mcu.externaltools.gnu-tools-for-stm32.12.3.rel1.win32_1.0.200.202406191623/tools/bin/../lib/gcc/arm-none-eabi/12.3.1/thumb/v7-m/nofp/crtn.o
OUTPUT(main_prog.elf elf32-littlearm)
LOAD linker stubs
LOAD E:/STM32CubeIDE_1.16.0/STM32CubeIDE/plugins/com.st.stm32cube.ide.mcu.externaltools.gnu-tools-for-stm32.12.3.rel1.win32_1.0.200.202406191623/tools/bin/../lib/gcc/arm-none-eabi/12.3.1/../../../../arm-none-eabi/lib/thumb/v7-m/nofp\libc.a
LOAD E:/STM32CubeIDE_1.16.0/STM32CubeIDE/plugins/com.st.stm32cube.ide.mcu.externaltools.gnu-tools-for-stm32.12.3.rel1.win32_1.0.200.202406191623/tools/bin/../lib/gcc/arm-none-eabi/12.3.1/../../../../arm-none-eabi/lib/thumb/v7-m/nofp\libm.a
LOAD E:/STM32CubeIDE_1.16.0/STM32CubeIDE/plugins/com.st.stm32cube.ide.mcu.externaltools.gnu-tools-for-stm32.12.3.rel1.win32_1.0.200.202406191623/tools/bin/../lib/gcc/arm-none-eabi/12.3.1/thumb/v7-m/nofp\libgcc.a

.debug_info     0x00000000     0xce42
 .debug_info    0x00000000      0x282 ./Core/Src/PID.o
 .debug_info    0x00000282      0x2ef ./Core/Src/gpio.o
 .debug_info    0x00000571      0xe95 ./Core/Src/main.o
 .debug_info    0x00001406      0x677 ./Core/Src/message.o
 .debug_info    0x00001a7d      0x894 ./Core/Src/motor.o
 .debug_info    0x00002311      0x1f1 ./Core/Src/stm32f1xx_hal_msp.o
 .debug_info    0x00002502      0x113 ./Core/Src/stm32f1xx_it.o
 .debug_info    0x00002615      0x222 ./Core/Src/system_stm32f1xx.o
 .debug_info    0x00002837      0x11e ./Core/Src/tick.o
 .debug_info    0x00002955      0xf81 ./Core/Src/tim.o
 .debug_info    0x000038d6      0x884 ./Core/Src/usart.o
 .debug_info    0x0000415a       0x30 ./Core/Startup/startup_stm32f103vetx.o
 .debug_info    0x0000418a      0x76a ./Drivers/STM32F1xx_HAL_Driver/Src/stm32f1xx_hal.o
 .debug_info    0x000048f4      0xaed ./Drivers/STM32F1xx_HAL_Driver/Src/stm32f1xx_hal_cortex.o
 .debug_info    0x000053e1      0x5ab ./Drivers/STM32F1xx_HAL_Driver/Src/stm32f1xx_hal_gpio.o
 .debug_info    0x0000598c      0x7d5 ./Drivers/STM32F1xx_HAL_Driver/Src/stm32f1xx_hal_rcc.o
 .debug_info    0x00006161     0x2959 ./Drivers/STM32F1xx_HAL_Driver/Src/stm32f1xx_hal_tim.o
 .debug_info    0x00008aba     0x149b ./Drivers/STM32F1xx_HAL_Driver/Src/stm32f1xx_hal_tim_ex.o
 .debug_info    0x00009f55     0x2eed ./Drivers/STM32F1xx_HAL_Driver/Src/stm32f1xx_hal_uart.o

.debug_abbrev   0x00000000     0x2182
 .debug_abbrev  0x00000000       0xf0 ./Core/Src/PID.o
 .debug_abbrev  0x000000f0      0x13f ./Core/Src/gpio.o
 .debug_abbrev  0x0000022f      0x252 ./Core/Src/main.o
 .debug_abbrev  0x00000481      0x1ad ./Core/Src/message.o
 .debug_abbrev  0x0000062e      0x231 ./Core/Src/motor.o
 .debug_abbrev  0x0000085f       0xdb ./Core/Src/stm32f1xx_hal_msp.o
 .debug_abbrev  0x0000093a       0x73 ./Core/Src/stm32f1xx_it.o
 .debug_abbrev  0x000009ad      0x13f ./Core/Src/system_stm32f1xx.o
 .debug_abbrev  0x00000aec       0xb7 ./Core/Src/tick.o
 .debug_abbrev  0x00000ba3      0x257 ./Core/Src/tim.o
 .debug_abbrev  0x00000dfa      0x1fd ./Core/Src/usart.o
 .debug_abbrev  0x00000ff7       0x24 ./Core/Startup/startup_stm32f103vetx.o
 .debug_abbrev  0x0000101b      0x201 ./Drivers/STM32F1xx_HAL_Driver/Src/stm32f1xx_hal.o
 .debug_abbrev  0x0000121c      0x2f8 ./Drivers/STM32F1xx_HAL_Driver/Src/stm32f1xx_hal_cortex.o
 .debug_abbrev  0x00001514      0x1ca ./Drivers/STM32F1xx_HAL_Driver/Src/stm32f1xx_hal_gpio.o
 .debug_abbrev  0x000016de      0x2b3 ./Drivers/STM32F1xx_HAL_Driver/Src/stm32f1xx_hal_rcc.o
 .debug_abbrev  0x00001991      0x277 ./Drivers/STM32F1xx_HAL_Driver/Src/stm32f1xx_hal_tim.o
 .debug_abbrev  0x00001c08      0x282 ./Drivers/STM32F1xx_HAL_Driver/Src/stm32f1xx_hal_tim_ex.o
 .debug_abbrev  0x00001e8a      0x2f8 ./Drivers/STM32F1xx_HAL_Driver/Src/stm32f1xx_hal_uart.o

.debug_aranges  0x00000000      0xc88
 .debug_aranges
                0x00000000       0x28 ./Core/Src/PID.o
 .debug_aranges
                0x00000028       0x20 ./Core/Src/gpio.o
 .debug_aranges
                0x00000048       0x30 ./Core/Src/main.o
 .debug_aranges
                0x00000078       0x28 ./Core/Src/message.o
 .debug_aranges
                0x000000a0       0x40 ./Core/Src/motor.o
 .debug_aranges
                0x000000e0       0x20 ./Core/Src/stm32f1xx_hal_msp.o
 .debug_aranges
                0x00000100       0x60 ./Core/Src/stm32f1xx_it.o
 .debug_aranges
                0x00000160       0x28 ./Core/Src/system_stm32f1xx.o
 .debug_aranges
                0x00000188       0x20 ./Core/Src/tick.o
 .debug_aranges
                0x000001a8       0x78 ./Core/Src/tim.o
 .debug_aranges
                0x00000220       0x38 ./Core/Src/usart.o
 .debug_aranges
                0x00000258       0x28 ./Core/Startup/startup_stm32f103vetx.o
 .debug_aranges
                0x00000280       0xe0 ./Drivers/STM32F1xx_HAL_Driver/Src/stm32f1xx_hal.o
 .debug_aranges
                0x00000360      0x100 ./Drivers/STM32F1xx_HAL_Driver/Src/stm32f1xx_hal_cortex.o
 .debug_aranges
                0x00000460       0x58 ./Drivers/STM32F1xx_HAL_Driver/Src/stm32f1xx_hal_gpio.o
 .debug_aranges
                0x000004b8       0x90 ./Drivers/STM32F1xx_HAL_Driver/Src/stm32f1xx_hal_rcc.o
 .debug_aranges
                0x00000548      0x3d0 ./Drivers/STM32F1xx_HAL_Driver/Src/stm32f1xx_hal_tim.o
 .debug_aranges
                0x00000918      0x168 ./Drivers/STM32F1xx_HAL_Driver/Src/stm32f1xx_hal_tim_ex.o
 .debug_aranges
                0x00000a80      0x208 ./Drivers/STM32F1xx_HAL_Driver/Src/stm32f1xx_hal_uart.o

.debug_rnglists
                0x00000000      0x9bc
 .debug_rnglists
                0x00000000       0x1a ./Core/Src/PID.o
 .debug_rnglists
                0x0000001a       0x14 ./Core/Src/gpio.o
 .debug_rnglists
                0x0000002e       0x21 ./Core/Src/main.o
 .debug_rnglists
                0x0000004f       0x19 ./Core/Src/message.o
 .debug_rnglists
                0x00000068       0x2f ./Core/Src/motor.o
 .debug_rnglists
                0x00000097       0x13 ./Core/Src/stm32f1xx_hal_msp.o
 .debug_rnglists
                0x000000aa       0x43 ./Core/Src/stm32f1xx_it.o
 .debug_rnglists
                0x000000ed       0x1a ./Core/Src/system_stm32f1xx.o
 .debug_rnglists
                0x00000107       0x13 ./Core/Src/tick.o
 .debug_rnglists
                0x0000011a       0x5f ./Core/Src/tim.o
 .debug_rnglists
                0x00000179       0x26 ./Core/Src/usart.o
 .debug_rnglists
                0x0000019f       0x19 ./Core/Startup/startup_stm32f103vetx.o
 .debug_rnglists
                0x000001b8       0xa3 ./Drivers/STM32F1xx_HAL_Driver/Src/stm32f1xx_hal.o
 .debug_rnglists
                0x0000025b       0xbb ./Drivers/STM32F1xx_HAL_Driver/Src/stm32f1xx_hal_cortex.o
 .debug_rnglists
                0x00000316       0x3f ./Drivers/STM32F1xx_HAL_Driver/Src/stm32f1xx_hal_gpio.o
 .debug_rnglists
                0x00000355       0x6c ./Drivers/STM32F1xx_HAL_Driver/Src/stm32f1xx_hal_rcc.o
 .debug_rnglists
                0x000003c1      0x31a ./Drivers/STM32F1xx_HAL_Driver/Src/stm32f1xx_hal_tim.o
 .debug_rnglists
                0x000006db      0x125 ./Drivers/STM32F1xx_HAL_Driver/Src/stm32f1xx_hal_tim_ex.o
 .debug_rnglists
                0x00000800      0x1bc ./Drivers/STM32F1xx_HAL_Driver/Src/stm32f1xx_hal_uart.o

.debug_macro    0x00000000    0x1a096
 .debug_macro   0x00000000      0x297 ./Core/Src/PID.o
 .debug_macro   0x00000297      0xaa8 ./Core/Src/PID.o
 .debug_macro   0x00000d3f      0x21b ./Core/Src/PID.o
 .debug_macro   0x00000f5a       0x2e ./Core/Src/PID.o
 .debug_macro   0x00000f88       0x22 ./Core/Src/PID.o
 .debug_macro   0x00000faa       0x22 ./Core/Src/PID.o
 .debug_macro   0x00000fcc       0x8e ./Core/Src/PID.o
 .debug_macro   0x0000105a       0x51 ./Core/Src/PID.o
 .debug_macro   0x000010ab      0x103 ./Core/Src/PID.o
 .debug_macro   0x000011ae       0x6a ./Core/Src/PID.o
 .debug_macro   0x00001218      0x1df ./Core/Src/PID.o
 .debug_macro   0x000013f7       0x1c ./Core/Src/PID.o
 .debug_macro   0x00001413       0x22 ./Core/Src/PID.o
 .debug_macro   0x00001435       0xbd ./Core/Src/PID.o
 .debug_macro   0x000014f2      0xd23 ./Core/Src/PID.o
 .debug_macro   0x00002215     0xfd8c ./Core/Src/PID.o
 .debug_macro   0x00011fa1       0x6d ./Core/Src/PID.o
 .debug_macro   0x0001200e     0x34a2 ./Core/Src/PID.o
 .debug_macro   0x000154b0      0x189 ./Core/Src/PID.o
 .debug_macro   0x00015639       0x5c ./Core/Src/PID.o
 .debug_macro   0x00015695      0x5bc ./Core/Src/PID.o
 .debug_macro   0x00015c51      0x4d5 ./Core/Src/PID.o
 .debug_macro   0x00016126      0x1cb ./Core/Src/PID.o
 .debug_macro   0x000162f1      0x114 ./Core/Src/PID.o
 .debug_macro   0x00016405      0x1ea ./Core/Src/PID.o
 .debug_macro   0x000165ef       0x27 ./Core/Src/PID.o
 .debug_macro   0x00016616      0x144 ./Core/Src/PID.o
 .debug_macro   0x0001675a      0x1bc ./Core/Src/PID.o
 .debug_macro   0x00016916       0x30 ./Core/Src/PID.o
 .debug_macro   0x00016946       0x3c ./Core/Src/PID.o
 .debug_macro   0x00016982       0x57 ./Core/Src/PID.o
 .debug_macro   0x000169d9       0x87 ./Core/Src/PID.o
 .debug_macro   0x00016a60      0x24f ./Core/Src/PID.o
 .debug_macro   0x00016caf      0x140 ./Core/Src/PID.o
 .debug_macro   0x00016def      0x8ed ./Core/Src/PID.o
 .debug_macro   0x000176dc      0x28e ./Core/Src/PID.o
 .debug_macro   0x0001796a       0xb5 ./Core/Src/PID.o
 .debug_macro   0x00017a1f       0x24 ./Core/Src/PID.o
 .debug_macro   0x00017a43       0x61 ./Core/Src/PID.o
 .debug_macro   0x00017aa4       0x43 ./Core/Src/PID.o
 .debug_macro   0x00017ae7       0x34 ./Core/Src/PID.o
 .debug_macro   0x00017b1b       0x16 ./Core/Src/PID.o
 .debug_macro   0x00017b31       0x35 ./Core/Src/PID.o
 .debug_macro   0x00017b66       0x16 ./Core/Src/PID.o
 .debug_macro   0x00017b7c       0x43 ./Core/Src/PID.o
 .debug_macro   0x00017bbf       0x34 ./Core/Src/PID.o
 .debug_macro   0x00017bf3       0x10 ./Core/Src/PID.o
 .debug_macro   0x00017c03       0x58 ./Core/Src/PID.o
 .debug_macro   0x00017c5b       0x8e ./Core/Src/PID.o
 .debug_macro   0x00017ce9       0x1c ./Core/Src/PID.o
 .debug_macro   0x00017d05      0x177 ./Core/Src/PID.o
 .debug_macro   0x00017e7c      0x369 ./Core/Src/PID.o
 .debug_macro   0x000181e5       0x16 ./Core/Src/PID.o
 .debug_macro   0x000181fb       0x29 ./Core/Src/PID.o
 .debug_macro   0x00018224      0x1b7 ./Core/Src/gpio.o
 .debug_macro   0x000183db      0x2c5 ./Core/Src/main.o
 .debug_macro   0x000186a0       0x10 ./Core/Src/main.o
 .debug_macro   0x000186b0       0x20 ./Core/Src/main.o
 .debug_macro   0x000186d0      0x1c1 ./Core/Src/message.o
 .debug_macro   0x00018891      0x1d5 ./Core/Src/motor.o
 .debug_macro   0x00018a66      0x1ad ./Core/Src/stm32f1xx_hal_msp.o
 .debug_macro   0x00018c13      0x1b7 ./Core/Src/stm32f1xx_it.o
 .debug_macro   0x00018dca      0x1a3 ./Core/Src/system_stm32f1xx.o
 .debug_macro   0x00018f6d      0x1a3 ./Core/Src/tick.o
 .debug_macro   0x00019110      0x1b7 ./Core/Src/tim.o
 .debug_macro   0x000192c7      0x1b7 ./Core/Src/usart.o
 .debug_macro   0x0001947e      0x1c7 ./Drivers/STM32F1xx_HAL_Driver/Src/stm32f1xx_hal.o
 .debug_macro   0x00019645      0x1a3 ./Drivers/STM32F1xx_HAL_Driver/Src/stm32f1xx_hal_cortex.o
 .debug_macro   0x000197e8      0x20e ./Drivers/STM32F1xx_HAL_Driver/Src/stm32f1xx_hal_gpio.o
 .debug_macro   0x000199f6      0x1b5 ./Drivers/STM32F1xx_HAL_Driver/Src/stm32f1xx_hal_rcc.o
 .debug_macro   0x00019bab      0x1a4 ./Drivers/STM32F1xx_HAL_Driver/Src/stm32f1xx_hal_tim.o
 .debug_macro   0x00019d4f      0x1a3 ./Drivers/STM32F1xx_HAL_Driver/Src/stm32f1xx_hal_tim_ex.o
 .debug_macro   0x00019ef2      0x1a4 ./Drivers/STM32F1xx_HAL_Driver/Src/stm32f1xx_hal_uart.o

.debug_line     0x00000000    0x10028
 .debug_line    0x00000000      0x951 ./Core/Src/PID.o
 .debug_line    0x00000951      0x725 ./Core/Src/gpio.o
 .debug_line    0x00001076      0x96c ./Core/Src/main.o
 .debug_line    0x000019e2      0x726 ./Core/Src/message.o
 .debug_line    0x00002108      0x87b ./Core/Src/motor.o
 .debug_line    0x00002983      0x6fa ./Core/Src/stm32f1xx_hal_msp.o
 .debug_line    0x0000307d      0x7bb ./Core/Src/stm32f1xx_it.o
 .debug_line    0x00003838      0x777 ./Core/Src/system_stm32f1xx.o
 .debug_line    0x00003faf      0x6e6 ./Core/Src/tick.o
 .debug_line    0x00004695      0xb36 ./Core/Src/tim.o
 .debug_line    0x000051cb      0x7d9 ./Core/Src/usart.o
 .debug_line    0x000059a4       0x79 ./Core/Startup/startup_stm32f103vetx.o
 .debug_line    0x00005a1d      0x9a4 ./Drivers/STM32F1xx_HAL_Driver/Src/stm32f1xx_hal.o
 .debug_line    0x000063c1      0xb90 ./Drivers/STM32F1xx_HAL_Driver/Src/stm32f1xx_hal_cortex.o
 .debug_line    0x00006f51      0xa65 ./Drivers/STM32F1xx_HAL_Driver/Src/stm32f1xx_hal_gpio.o
 .debug_line    0x000079b6      0xdad ./Drivers/STM32F1xx_HAL_Driver/Src/stm32f1xx_hal_rcc.o
 .debug_line    0x00008763     0x36e9 ./Drivers/STM32F1xx_HAL_Driver/Src/stm32f1xx_hal_tim.o
 .debug_line    0x0000be4c     0x1959 ./Drivers/STM32F1xx_HAL_Driver/Src/stm32f1xx_hal_tim_ex.o
 .debug_line    0x0000d7a5     0x2883 ./Drivers/STM32F1xx_HAL_Driver/Src/stm32f1xx_hal_uart.o

.debug_str      0x00000000    0x97f40
 .debug_str     0x00000000    0x94885 ./Core/Src/PID.o
                              0x94cc4 (size before relaxing)
 .debug_str     0x00094885       0xfe ./Core/Src/gpio.o
                              0x91a79 (size before relaxing)
 .debug_str     0x00094983      0x9d8 ./Core/Src/main.o
                              0x95630 (size before relaxing)
 .debug_str     0x0009535b       0x56 ./Core/Src/message.o
                              0x91e2e (size before relaxing)
 .debug_str     0x000953b1       0xba ./Core/Src/motor.o
                              0x91ff2 (size before relaxing)
 .debug_str     0x0009546b       0x5a ./Core/Src/stm32f1xx_hal_msp.o
                              0x91a01 (size before relaxing)
 .debug_str     0x000954c5       0xc9 ./Core/Src/stm32f1xx_it.o
                              0x91a16 (size before relaxing)
 .debug_str     0x0009558e       0x7e ./Core/Src/system_stm32f1xx.o
                              0x91a2c (size before relaxing)
 .debug_str     0x0009560c       0x32 ./Core/Src/tick.o
                              0x919ae (size before relaxing)
 .debug_str     0x0009563e      0x391 ./Core/Src/tim.o
                              0x9236a (size before relaxing)
 .debug_str     0x000959cf       0x51 ./Core/Src/usart.o
                              0x91f0a (size before relaxing)
 .debug_str     0x00095a20       0x44 ./Core/Startup/startup_stm32f103vetx.o
                                 0x57 (size before relaxing)
 .debug_str     0x00095a64      0x68a ./Drivers/STM32F1xx_HAL_Driver/Src/stm32f1xx_hal.o
                              0x92243 (size before relaxing)
 .debug_str     0x000960ee      0x2b1 ./Drivers/STM32F1xx_HAL_Driver/Src/stm32f1xx_hal_cortex.o
                              0x9218f (size before relaxing)
 .debug_str     0x0009639f      0x2e6 ./Drivers/STM32F1xx_HAL_Driver/Src/stm32f1xx_hal_gpio.o
                              0x91db2 (size before relaxing)
 .debug_str     0x00096685      0x229 ./Drivers/STM32F1xx_HAL_Driver/Src/stm32f1xx_hal_rcc.o
                              0x91e5b (size before relaxing)
 .debug_str     0x000968ae      0xc98 ./Drivers/STM32F1xx_HAL_Driver/Src/stm32f1xx_hal_tim.o
                              0x92e5d (size before relaxing)
 .debug_str     0x00097546      0x3e1 ./Drivers/STM32F1xx_HAL_Driver/Src/stm32f1xx_hal_tim_ex.o
                              0x92669 (size before relaxing)
 .debug_str     0x00097927      0x619 ./Drivers/STM32F1xx_HAL_Driver/Src/stm32f1xx_hal_uart.o
                              0x924cc (size before relaxing)

.comment        0x00000000       0x43
 .comment       0x00000000       0x43 ./Core/Src/PID.o
                                 0x44 (size before relaxing)
 .comment       0x00000043       0x44 ./Core/Src/gpio.o
 .comment       0x00000043       0x44 ./Core/Src/main.o
 .comment       0x00000043       0x44 ./Core/Src/message.o
 .comment       0x00000043       0x44 ./Core/Src/motor.o
 .comment       0x00000043       0x44 ./Core/Src/stm32f1xx_hal_msp.o
 .comment       0x00000043       0x44 ./Core/Src/stm32f1xx_it.o
 .comment       0x00000043       0x44 ./Core/Src/system_stm32f1xx.o
 .comment       0x00000043       0x44 ./Core/Src/tick.o
 .comment       0x00000043       0x44 ./Core/Src/tim.o
 .comment       0x00000043       0x44 ./Core/Src/usart.o
 .comment       0x00000043       0x44 ./Drivers/STM32F1xx_HAL_Driver/Src/stm32f1xx_hal.o
 .comment       0x00000043       0x44 ./Drivers/STM32F1xx_HAL_Driver/Src/stm32f1xx_hal_cortex.o
 .comment       0x00000043       0x44 ./Drivers/STM32F1xx_HAL_Driver/Src/stm32f1xx_hal_gpio.o
 .comment       0x00000043       0x44 ./Drivers/STM32F1xx_HAL_Driver/Src/stm32f1xx_hal_rcc.o
 .comment       0x00000043       0x44 ./Drivers/STM32F1xx_HAL_Driver/Src/stm32f1xx_hal_tim.o
 .comment       0x00000043       0x44 ./Drivers/STM32F1xx_HAL_Driver/Src/stm32f1xx_hal_tim_ex.o
 .comment       0x00000043       0x44 ./Drivers/STM32F1xx_HAL_Driver/Src/stm32f1xx_hal_uart.o

.debug_frame    0x00000000     0x3278
 .debug_frame   0x00000000       0x60 ./Core/Src/PID.o
 .debug_frame   0x00000060       0x34 ./Core/Src/gpio.o
 .debug_frame   0x00000094       0x70 ./Core/Src/main.o
 .debug_frame   0x00000104       0x60 ./Core/Src/message.o
 .debug_frame   0x00000164       0xc0 ./Core/Src/motor.o
 .debug_frame   0x00000224       0x38 ./Core/Src/stm32f1xx_hal_msp.o
 .debug_frame   0x0000025c      0x104 ./Core/Src/stm32f1xx_it.o
 .debug_frame   0x00000360       0x58 ./Core/Src/system_stm32f1xx.o
 .debug_frame   0x000003b8       0x30 ./Core/Src/tick.o
 .debug_frame   0x000003e8      0x1c0 ./Core/Src/tim.o
 .debug_frame   0x000005a8       0x90 ./Core/Src/usart.o
 .debug_frame   0x00000638      0x334 ./Drivers/STM32F1xx_HAL_Driver/Src/stm32f1xx_hal.o
 .debug_frame   0x0000096c      0x428 ./Drivers/STM32F1xx_HAL_Driver/Src/stm32f1xx_hal_cortex.o
 .debug_frame   0x00000d94      0x14c ./Drivers/STM32F1xx_HAL_Driver/Src/stm32f1xx_hal_gpio.o
 .debug_frame   0x00000ee0      0x218 ./Drivers/STM32F1xx_HAL_Driver/Src/stm32f1xx_hal_rcc.o
 .debug_frame   0x000010f8     0x11b8 ./Drivers/STM32F1xx_HAL_Driver/Src/stm32f1xx_hal_tim.o
 .debug_frame   0x000022b0      0x638 ./Drivers/STM32F1xx_HAL_Driver/Src/stm32f1xx_hal_tim_ex.o
 .debug_frame   0x000028e8      0x944 ./Drivers/STM32F1xx_HAL_Driver/Src/stm32f1xx_hal_uart.o
 .debug_frame   0x0000322c       0x20 E:/STM32CubeIDE_1.16.0/STM32CubeIDE/plugins/com.st.stm32cube.ide.mcu.externaltools.gnu-tools-for-stm32.12.3.rel1.win32_1.0.200.202406191623/tools/bin/../lib/gcc/arm-none-eabi/12.3.1/../../../../arm-none-eabi/lib/thumb/v7-m/nofp\libc_nano.a(libc_a-memset.o)
 .debug_frame   0x0000324c       0x2c E:/STM32CubeIDE_1.16.0/STM32CubeIDE/plugins/com.st.stm32cube.ide.mcu.externaltools.gnu-tools-for-stm32.12.3.rel1.win32_1.0.200.202406191623/tools/bin/../lib/gcc/arm-none-eabi/12.3.1/../../../../arm-none-eabi/lib/thumb/v7-m/nofp\libc_nano.a(libc_a-init.o)

.debug_line_str
                0x00000000       0x3b
 .debug_line_str
                0x00000000       0x3b ./Core/Startup/startup_stm32f103vetx.o
