Archive member included to satisfy reference by file (symbol)

D:/Program Files/STM32CubeIDE_1.16.0/STM32CubeIDE/plugins/com.st.stm32cube.ide.mcu.externaltools.gnu-tools-for-stm32.12.3.rel1.win32_1.0.200.202406191623/tools/bin/../lib/gcc/arm-none-eabi/12.3.1/../../../../arm-none-eabi/lib/thumb/v7-m/nofp\libc_nano.a(libc_a-exit.o)
                              D:/Program Files/STM32CubeIDE_1.16.0/STM32CubeIDE/plugins/com.st.stm32cube.ide.mcu.externaltools.gnu-tools-for-stm32.12.3.rel1.win32_1.0.200.202406191623/tools/bin/../lib/gcc/arm-none-eabi/12.3.1/../../../../arm-none-eabi/lib/thumb/v7-m/nofp/crt0.o (exit)
D:/Program Files/STM32CubeIDE_1.16.0/STM32CubeIDE/plugins/com.st.stm32cube.ide.mcu.externaltools.gnu-tools-for-stm32.12.3.rel1.win32_1.0.200.202406191623/tools/bin/../lib/gcc/arm-none-eabi/12.3.1/../../../../arm-none-eabi/lib/thumb/v7-m/nofp\libc_nano.a(libc_a-findfp.o)
                              D:/Program Files/STM32CubeIDE_1.16.0/STM32CubeIDE/plugins/com.st.stm32cube.ide.mcu.externaltools.gnu-tools-for-stm32.12.3.rel1.win32_1.0.200.202406191623/tools/bin/../lib/gcc/arm-none-eabi/12.3.1/../../../../arm-none-eabi/lib/thumb/v7-m/nofp\libc_nano.a(libc_a-exit.o) (__stdio_exit_handler)
D:/Program Files/STM32CubeIDE_1.16.0/STM32CubeIDE/plugins/com.st.stm32cube.ide.mcu.externaltools.gnu-tools-for-stm32.12.3.rel1.win32_1.0.200.202406191623/tools/bin/../lib/gcc/arm-none-eabi/12.3.1/../../../../arm-none-eabi/lib/thumb/v7-m/nofp\libc_nano.a(libc_a-fwalk.o)
                              D:/Program Files/STM32CubeIDE_1.16.0/STM32CubeIDE/plugins/com.st.stm32cube.ide.mcu.externaltools.gnu-tools-for-stm32.12.3.rel1.win32_1.0.200.202406191623/tools/bin/../lib/gcc/arm-none-eabi/12.3.1/../../../../arm-none-eabi/lib/thumb/v7-m/nofp\libc_nano.a(libc_a-findfp.o) (_fwalk_sglue)
D:/Program Files/STM32CubeIDE_1.16.0/STM32CubeIDE/plugins/com.st.stm32cube.ide.mcu.externaltools.gnu-tools-for-stm32.12.3.rel1.win32_1.0.200.202406191623/tools/bin/../lib/gcc/arm-none-eabi/12.3.1/../../../../arm-none-eabi/lib/thumb/v7-m/nofp\libc_nano.a(libc_a-stdio.o)
                              D:/Program Files/STM32CubeIDE_1.16.0/STM32CubeIDE/plugins/com.st.stm32cube.ide.mcu.externaltools.gnu-tools-for-stm32.12.3.rel1.win32_1.0.200.202406191623/tools/bin/../lib/gcc/arm-none-eabi/12.3.1/../../../../arm-none-eabi/lib/thumb/v7-m/nofp\libc_nano.a(libc_a-findfp.o) (__sread)
D:/Program Files/STM32CubeIDE_1.16.0/STM32CubeIDE/plugins/com.st.stm32cube.ide.mcu.externaltools.gnu-tools-for-stm32.12.3.rel1.win32_1.0.200.202406191623/tools/bin/../lib/gcc/arm-none-eabi/12.3.1/../../../../arm-none-eabi/lib/thumb/v7-m/nofp\libc_nano.a(libc_a-memset.o)
                              D:/Program Files/STM32CubeIDE_1.16.0/STM32CubeIDE/plugins/com.st.stm32cube.ide.mcu.externaltools.gnu-tools-for-stm32.12.3.rel1.win32_1.0.200.202406191623/tools/bin/../lib/gcc/arm-none-eabi/12.3.1/../../../../arm-none-eabi/lib/thumb/v7-m/nofp/crt0.o (memset)
D:/Program Files/STM32CubeIDE_1.16.0/STM32CubeIDE/plugins/com.st.stm32cube.ide.mcu.externaltools.gnu-tools-for-stm32.12.3.rel1.win32_1.0.200.202406191623/tools/bin/../lib/gcc/arm-none-eabi/12.3.1/../../../../arm-none-eabi/lib/thumb/v7-m/nofp\libc_nano.a(libc_a-closer.o)
                              D:/Program Files/STM32CubeIDE_1.16.0/STM32CubeIDE/plugins/com.st.stm32cube.ide.mcu.externaltools.gnu-tools-for-stm32.12.3.rel1.win32_1.0.200.202406191623/tools/bin/../lib/gcc/arm-none-eabi/12.3.1/../../../../arm-none-eabi/lib/thumb/v7-m/nofp\libc_nano.a(libc_a-stdio.o) (_close_r)
D:/Program Files/STM32CubeIDE_1.16.0/STM32CubeIDE/plugins/com.st.stm32cube.ide.mcu.externaltools.gnu-tools-for-stm32.12.3.rel1.win32_1.0.200.202406191623/tools/bin/../lib/gcc/arm-none-eabi/12.3.1/../../../../arm-none-eabi/lib/thumb/v7-m/nofp\libc_nano.a(libc_a-reent.o)
                              D:/Program Files/STM32CubeIDE_1.16.0/STM32CubeIDE/plugins/com.st.stm32cube.ide.mcu.externaltools.gnu-tools-for-stm32.12.3.rel1.win32_1.0.200.202406191623/tools/bin/../lib/gcc/arm-none-eabi/12.3.1/../../../../arm-none-eabi/lib/thumb/v7-m/nofp\libc_nano.a(libc_a-closer.o) (errno)
D:/Program Files/STM32CubeIDE_1.16.0/STM32CubeIDE/plugins/com.st.stm32cube.ide.mcu.externaltools.gnu-tools-for-stm32.12.3.rel1.win32_1.0.200.202406191623/tools/bin/../lib/gcc/arm-none-eabi/12.3.1/../../../../arm-none-eabi/lib/thumb/v7-m/nofp\libc_nano.a(libc_a-impure.o)
                              D:/Program Files/STM32CubeIDE_1.16.0/STM32CubeIDE/plugins/com.st.stm32cube.ide.mcu.externaltools.gnu-tools-for-stm32.12.3.rel1.win32_1.0.200.202406191623/tools/bin/../lib/gcc/arm-none-eabi/12.3.1/../../../../arm-none-eabi/lib/thumb/v7-m/nofp\libc_nano.a(libc_a-reent.o) (_impure_ptr)
D:/Program Files/STM32CubeIDE_1.16.0/STM32CubeIDE/plugins/com.st.stm32cube.ide.mcu.externaltools.gnu-tools-for-stm32.12.3.rel1.win32_1.0.200.202406191623/tools/bin/../lib/gcc/arm-none-eabi/12.3.1/../../../../arm-none-eabi/lib/thumb/v7-m/nofp\libc_nano.a(libc_a-lseekr.o)
[...]
Memory Configuration

Name             Origin             Length             Attributes
RAM              0x20000000         0x00010000         xrw
FLASH            0x08000000         0x00080000         xr
*default*        0x00000000         0xffffffff

Linker script and memory map

LOAD D:/Program Files/STM32CubeIDE_1.16.0/STM32CubeIDE/plugins/com.st.stm32cube.ide.mcu.externaltools.gnu-tools-for-stm32.12.3.rel1.win32_1.0.200.202406191623/tools/bin/../lib/gcc/arm-none-eabi/12.3.1/thumb/v7-m/nofp/crti.o
LOAD D:/Program Files/STM32CubeIDE_1.16.0/STM32CubeIDE/plugins/com.st.stm32cube.ide.mcu.externaltools.gnu-tools-for-stm32.12.3.rel1.win32_1.0.200.202406191623/tools/bin/../lib/gcc/arm-none-eabi/12.3.1/thumb/v7-m/nofp/crtbegin.o
LOAD D:/Program Files/STM32CubeIDE_1.16.0/STM32CubeIDE/plugins/com.st.stm32cube.ide.mcu.externaltools.gnu-tools-for-stm32.12.3.rel1.win32_1.0.200.202406191623/tools/bin/../lib/gcc/arm-none-eabi/12.3.1/../../../../arm-none-eabi/lib/thumb/v7-m/nofp/crt0.o
LOAD ./Core/Src/PID.o
LOAD ./Core/Src/gpio.o
LOAD ./Core/Src/main.o
LOAD ./Core/Src/message.o
LOAD ./Core/Src/motor.o
LOAD ./Core/Src/stm32f1xx_hal_msp.o
LOAD ./Core/Src/stm32f1xx_it.o
LOAD ./Core/Src/syscalls.o
LOAD ./Core/Src/sysmem.o
LOAD ./Core/Src/system_stm32f1xx.o
LOAD ./Core/Src/tick.o
LOAD ./Core/Src/tim.o
LOAD ./Core/Src/ultra.o
LOAD ./Core/Src/usart.o
LOAD ./Core/Startup/startup_stm32f103vetx.o
LOAD ./Drivers/STM32F1xx_HAL_Driver/Src/stm32f1xx_hal.o
LOAD ./Drivers/STM32F1xx_HAL_Driver/Src/stm32f1xx_hal_cortex.o
LOAD ./Drivers/STM32F1xx_HAL_Driver/Src/stm32f1xx_hal_dma.o
LOAD ./Drivers/STM32F1xx_HAL_Driver/Src/stm32f1xx_hal_exti.o
LOAD ./Drivers/STM32F1xx_HAL_Driver/Src/stm32f1xx_hal_flash.o
LOAD ./Drivers/STM32F1xx_HAL_Driver/Src/stm32f1xx_hal_flash_ex.o
LOAD ./Drivers/STM32F1xx_HAL_Driver/Src/stm32f1xx_hal_gpio.o
LOAD ./Drivers/STM32F1xx_HAL_Driver/Src/stm32f1xx_hal_gpio_ex.o
LOAD ./Drivers/STM32F1xx_HAL_Driver/Src/stm32f1xx_hal_pwr.o
LOAD ./Drivers/STM32F1xx_HAL_Driver/Src/stm32f1xx_hal_rcc.o
LOAD ./Drivers/STM32F1xx_HAL_Driver/Src/stm32f1xx_hal_rcc_ex.o
LOAD ./Drivers/STM32F1xx_HAL_Driver/Src/stm32f1xx_hal_tim.o
LOAD ./Drivers/STM32F1xx_HAL_Driver/Src/stm32f1xx_hal_tim_ex.o
LOAD ./Drivers/STM32F1xx_HAL_Driver/Src/stm32f1xx_hal_uart.o
START GROUP
LOAD D:/Program Files/STM32CubeIDE_1.16.0/STM32CubeIDE/plugins/com.st.stm32cube.ide.mcu.externaltools.gnu-tools-for-stm32.12.3.rel1.win32_1.0.200.202406191623/tools/bin/../lib/gcc/arm-none-eabi/12.3.1/../../../../arm-none-eabi/lib/thumb/v7-m/nofp\libc_nano.a
LOAD D:/Program Files/STM32CubeIDE_1.16.0/STM32CubeIDE/plugins/com.st.stm32cube.ide.mcu.externaltools.gnu-tools-for-stm32.12.3.rel1.win32_1.0.200.202406191623/tools/bin/../lib/gcc/arm-none-eabi/12.3.1/../../../../arm-none-eabi/lib/thumb/v7-m/nofp\libm.a
END GROUP
START GROUP
LOAD D:/Program Files/STM32CubeIDE_1.16.0/STM32CubeIDE/plugins/com.st.stm32cube.ide.mcu.externaltools.gnu-tools-for-stm32.12.3.rel1.win32_1.0.200.202406191623/tools/bin/../lib/gcc/arm-none-eabi/12.3.1/thumb/v7-m/nofp\libgcc.a
LOAD D:/Program Files/STM32CubeIDE_1.16.0/STM32CubeIDE/plugins/com.st.stm32cube.ide.mcu.externaltools.gnu-tools-for-stm32.12.3.rel1.win32_1.0.200.202406191623/tools/bin/../lib/gcc/arm-none-eabi/12.3.1/../../../../arm-none-eabi/lib/thumb/v7-m/nofp\libc_nano.a
END GROUP
START GROUP
LOAD D:/Program Files/STM32CubeIDE_1.16.0/STM32CubeIDE/plugins/com.st.stm32cube.ide.mcu.externaltools.gnu-tools-for-stm32.12.3.rel1.win32_1.0.200.202406191623/tools/bin/../lib/gcc/arm-none-eabi/12.3.1/thumb/v7-m/nofp\libgcc.a
LOAD D:/Program Files/STM32CubeIDE_1.16.0/STM32CubeIDE/plugins/com.st.stm32cube.ide.mcu.externaltools.gnu-tools-for-stm32.12.3.rel1.win32_1.0.200.202406191623/tools/bin/../lib/gcc/arm-none-eabi/12.3.1/../../../../arm-none-eabi/lib/thumb/v7-m/nofp\libc_nano.a
LOAD D:/Program Files/STM32CubeIDE_1.16.0/STM32CubeIDE/plugins/com.st.stm32cube.ide.mcu.externaltools.gnu-tools-for-stm32.12.3.rel1.win32_1.0.200.202406191623/tools/bin/../lib/gcc/arm-none-eabi/12.3.1/../../../../arm-none-eabi/lib/thumb/v7-m/nofp\libnosys.a
END GROUP
START GROUP
LOAD D:/Program Files/STM32CubeIDE_1.16.0/STM32CubeIDE/plugins/com.st.stm32cube.ide.mcu.externaltools.gnu-tools-for-stm32.12.3.rel1.win32_1.0.200.202406191623/tools/bin/../lib/gcc/arm-none-eabi/12.3.1/thumb/v7-m/nofp\libgcc.a
LOAD D:/Program Files/STM32CubeIDE_1.16.0/STM32CubeIDE/plugins/com.st.stm32cube.ide.mcu.externaltools.gnu-tools-for-stm32.12.3.rel1.win32_1.0.200.202406191623/tools/bin/../lib/gcc/arm-none-eabi/12.3.1/../../../../arm-none-eabi/lib/thumb/v7-m/nofp\libc_nano.a
LOAD D:/Program Files/STM32CubeIDE_1.16.0/STM32CubeIDE/plugins/com.st.stm32cube.ide.mcu.externaltools.gnu-tools-for-stm32.12.3.rel1.win32_1.0.200.202406191623/tools/bin/../lib/gcc/arm-none-eabi/12.3.1/../../../../arm-none-eabi/lib/thumb/v7-m/nofp\libnosys.a
END GROUP
LOAD D:/Program Files/STM32CubeIDE_1.16.0/STM32CubeIDE/plugins/com.st.stm32cube.ide.mcu.externaltools.gnu-tools-for-stm32.12.3.rel1.win32_1.0.200.202406191623/tools/bin/../lib/gcc/arm-none-eabi/12.3.1/thumb/v7-m/nofp/crtend.o
LOAD D:/Program Files/STM32CubeIDE_1.16.0/STM32CubeIDE/plugins/com.st.stm32cube.ide.mcu.externaltools.gnu-tools-for-stm32.12.3.rel1.win32_1.0.200.202406191623/tools/bin/../lib/gcc/arm-none-eabi/12.3.1/thumb/v7-m/nofp/crtn.o
                0x20010000                        _estack = (ORIGIN (RAM) + LENGTH (RAM))
                0x00000200                        _Min_Heap_Size = 0x200
                0x00000400                        _Min_Stack_Size = 0x400

.isr_vector     0x08000000      0x1e4
                0x08000000                        . = ALIGN (0x4)
 *(.isr_vector)
 .isr_vector    0x08000000      0x1e4 ./Core/Startup/startup_stm32f103vetx.o
                0x08000000                g_pfnVectors
                0x080001e4                        . = ALIGN (0x4)

.text           0x080001e4     0x3aa4
                0x080001e4                        . = ALIGN (0x4)
 *(.text)
 .text          0x080001e4       0x40 D:/Program Files/STM32CubeIDE_1.16.0/STM32CubeIDE/plugins/com.st.stm32cube.ide.mcu.externaltools.gnu-tools-for-stm32.12.3.rel1.win32_1.0.200.202406191623/tools/bin/../lib/gcc/arm-none-eabi/12.3.1/thumb/v7-m/nofp/crtbegin.o
 *(.text*)
 .text.PID_init
                0x08000224       0x5a ./Core/Src/PID.o
                0x08000224                PID_init
 .text.PID_change_para
                0x0800027e       0x3c ./Core/Src/PID.o
                0x0800027e                PID_change_para
 *fill*         0x080002ba        0x2 
 .text.PID_vel  0x080002bc      0x12c ./Core/Src/PID.o
                0x080002bc                PID_vel
 .text.MX_GPIO_Init
                0x080003e8      0x168 ./Core/Src/gpio.o
                0x080003e8                MX_GPIO_Init
 .text.main     0x08000550      0x3a0 ./Core/Src/main.o
                0x08000550                main
 .text.SystemClock_Config
                0x080008f0       0x8a ./Core/Src/main.o
                0x080008f0                SystemClock_Config
 .text.Error_Handler
                0x0800097a        0xc ./Core/Src/main.o
                0x0800097a                Error_Handler
 *fill*         0x08000986        0x2 
 .text.send_message
                0x08000988       0x64 ./Core/Src/message.o
                0x08000988                send_message
 .text.motor_init
                0x080009ec       0xa8 ./Core/Src/motor.o
                0x080009ec                motor_init
 .text.set_motor_speed
                0x08000a94      0x198 ./Core/Src/motor.o
                0x08000a94                set_motor_speed
 .text.get_encoder_CNT
                0x08000c2c       0xc4 ./Core/Src/motor.o
                0x08000c2c                get_encoder_CNT
 .text.HAL_MspInit
                0x08000cf0       0x64 ./Core/Src/stm32f1xx_hal_msp.o
                0x08000cf0                HAL_MspInit
 .text.NMI_Handler
                0x08000d54        0x8 ./Core/Src/stm32f1xx_it.o
                0x08000d54                NMI_Handler
 .text.HardFault_Handler
                0x08000d5c        0x8 ./Core/Src/stm32f1xx_it.o
                0x08000d5c                HardFault_Handler
 .text.MemManage_Handler
                0x08000d64        0x8 ./Core/Src/stm32f1xx_it.o
                0x08000d64                MemManage_Handler
 .text.BusFault_Handler
                0x08000d6c        0x8 ./Core/Src/stm32f1xx_it.o
                0x08000d6c                BusFault_Handler
 .text.UsageFault_Handler
                0x08000d74        0x8 ./Core/Src/stm32f1xx_it.o
                0x08000d74                UsageFault_Handler
 .text.SVC_Handler
                0x08000d7c        0xc ./Core/Src/stm32f1xx_it.o
                0x08000d7c                SVC_Handler
 .text.DebugMon_Handler
                0x08000d88        0xc ./Core/Src/stm32f1xx_it.o
                0x08000d88                DebugMon_Handler
 .text.PendSV_Handler
                0x08000d94        0xc ./Core/Src/stm32f1xx_it.o
                0x08000d94                PendSV_Handler
 .text.SysTick_Handler
                0x08000da0        0xc ./Core/Src/stm32f1xx_it.o
                0x08000da0                SysTick_Handler
 .text.SystemInit
                0x08000dac        0xc ./Core/Src/system_stm32f1xx.o
                0x08000dac                SystemInit
 .text.get_real_tick
                0x08000db8       0x2c ./Core/Src/tick.o
                0x08000db8                get_real_tick
 .text.MX_TIM1_Init
                0x08000de4      0x158 ./Core/Src/tim.o
                0x08000de4                MX_TIM1_Init
 .text.MX_TIM3_Init
                0x08000f3c       0xa8 ./Core/Src/tim.o
                0x08000f3c                MX_TIM3_Init
 .text.MX_TIM4_Init
                0x08000fe4       0xa8 ./Core/Src/tim.o
                0x08000fe4                MX_TIM4_Init
 .text.MX_TIM5_Init
                0x0800108c       0xa8 ./Core/Src/tim.o
                0x0800108c                MX_TIM5_Init
 .text.MX_TIM6_Init
                0x08001134       0x6c ./Core/Src/tim.o
                0x08001134                MX_TIM6_Init
 .text.MX_TIM7_Init
                0x080011a0       0x6c ./Core/Src/tim.o
                0x080011a0                MX_TIM7_Init
 .text.MX_TIM8_Init
                0x0800120c      0x144 ./Core/Src/tim.o
                0x0800120c                MX_TIM8_Init
 .text.HAL_TIM_Base_MspInit
                0x08001350       0xf8 ./Core/Src/tim.o
                0x08001350                HAL_TIM_Base_MspInit
 .text.HAL_TIM_Encoder_MspInit
                0x08001448      0x154 ./Core/Src/tim.o
                0x08001448                HAL_TIM_Encoder_MspInit
 .text.HAL_TIM_MspPostInit
                0x0800159c       0xac ./Core/Src/tim.o
                0x0800159c                HAL_TIM_MspPostInit
 .text.MX_USART1_UART_Init
                0x08001648       0x54 ./Core/Src/usart.o
                0x08001648                MX_USART1_UART_Init
 .text.MX_USART3_UART_Init
                0x0800169c       0x54 ./Core/Src/usart.o
                0x0800169c                MX_USART3_UART_Init
 .text.HAL_UART_MspInit
                0x080016f0      0x128 ./Core/Src/usart.o
                0x080016f0                HAL_UART_MspInit
 .text.Reset_Handler
                0x08001818       0x48 ./Core/Startup/startup_stm32f103vetx.o
                0x08001818                Reset_Handler
 .text.Default_Handler
                0x08001860        0x2 ./Core/Startup/startup_stm32f103vetx.o
                0x08001860                RTC_Alarm_IRQHandler
                0x08001860                EXTI2_IRQHandler
                0x08001860                TIM8_TRG_COM_IRQHandler
                0x08001860                TIM8_CC_IRQHandler
                0x08001860                TIM1_CC_IRQHandler
                0x08001860                TIM6_IRQHandler
                0x08001860                PVD_IRQHandler
                0x08001860                SDIO_IRQHandler
                0x08001860                EXTI3_IRQHandler
                0x08001860                EXTI0_IRQHandler
                0x08001860                I2C2_EV_IRQHandler
                0x08001860                ADC1_2_IRQHandler
                0x08001860                SPI1_IRQHandler
                0x08001860                TAMPER_IRQHandler
                0x08001860                TIM8_UP_IRQHandler
                0x08001860                DMA2_Channel2_IRQHandler
                0x08001860                DMA1_Channel4_IRQHandler
                0x08001860                USART3_IRQHandler
                0x08001860                RTC_IRQHandler
                0x08001860                DMA1_Channel7_IRQHandler
                0x08001860                CAN1_RX1_IRQHandler
                0x08001860                UART5_IRQHandler
                0x08001860                ADC3_IRQHandler
                0x08001860                TIM4_IRQHandler
                0x08001860                DMA2_Channel1_IRQHandler
                0x08001860                I2C1_EV_IRQHandler
                0x08001860                DMA1_Channel6_IRQHandler
                0x08001860                UART4_IRQHandler
                0x08001860                TIM3_IRQHandler
                0x08001860                RCC_IRQHandler
                0x08001860                TIM1_TRG_COM_IRQHandler
                0x08001860                DMA1_Channel1_IRQHandler
                0x08001860                Default_Handler
                0x08001860                EXTI15_10_IRQHandler
                0x08001860                TIM7_IRQHandler
                0x08001860                TIM5_IRQHandler
                0x08001860                EXTI9_5_IRQHandler
                0x08001860                SPI2_IRQHandler
                0x08001860                DMA1_Channel5_IRQHandler
                0x08001860                EXTI4_IRQHandler
                0x08001860                USB_LP_CAN1_RX0_IRQHandler
                0x08001860                USB_HP_CAN1_TX_IRQHandler
                0x08001860                DMA1_Channel3_IRQHandler
                0x08001860                FSMC_IRQHandler
                0x08001860                TIM1_UP_IRQHandler
                0x08001860                WWDG_IRQHandler
                0x08001860                TIM2_IRQHandler
                0x08001860                TIM1_BRK_IRQHandler
                0x08001860                EXTI1_IRQHandler
                0x08001860                DMA2_Channel4_5_IRQHandler
                0x08001860                USART2_IRQHandler
                0x08001860                I2C2_ER_IRQHandler
                0x08001860                DMA1_Channel2_IRQHandler
                0x08001860                TIM8_BRK_IRQHandler
                0x08001860                CAN1_SCE_IRQHandler
                0x08001860                FLASH_IRQHandler
                0x08001860                USART1_IRQHandler
                0x08001860                SPI3_IRQHandler
                0x08001860                I2C1_ER_IRQHandler
                0x08001860                USBWakeUp_IRQHandler
                0x08001860                DMA2_Channel3_IRQHandler
 *fill*         0x08001862        0x2 
 .text.HAL_Init
                0x08001864       0x2c ./Drivers/STM32F1xx_HAL_Driver/Src/stm32f1xx_hal.o
                0x08001864                HAL_Init
 .text.HAL_InitTick
                0x08001890       0x60 ./Drivers/STM32F1xx_HAL_Driver/Src/stm32f1xx_hal.o
                0x08001890                HAL_InitTick
 .text.HAL_IncTick
                0x080018f0       0x24 ./Drivers/STM32F1xx_HAL_Driver/Src/stm32f1xx_hal.o
                0x080018f0                HAL_IncTick
 .text.HAL_GetTick
                0x08001914       0x14 ./Drivers/STM32F1xx_HAL_Driver/Src/stm32f1xx_hal.o
                0x08001914                HAL_GetTick
 .text.__NVIC_SetPriorityGrouping
                0x08001928       0x48 ./Drivers/STM32F1xx_HAL_Driver/Src/stm32f1xx_hal_cortex.o
 .text.__NVIC_GetPriorityGrouping
                0x08001970       0x1c ./Drivers/STM32F1xx_HAL_Driver/Src/stm32f1xx_hal_cortex.o
 .text.__NVIC_SetPriority
                0x0800198c       0x54 ./Drivers/STM32F1xx_HAL_Driver/Src/stm32f1xx_hal_cortex.o
 .text.NVIC_EncodePriority
                0x080019e0       0x64 ./Drivers/STM32F1xx_HAL_Driver/Src/stm32f1xx_hal_cortex.o
 .text.SysTick_Config
                0x08001a44       0x44 ./Drivers/STM32F1xx_HAL_Driver/Src/stm32f1xx_hal_cortex.o
 .text.HAL_NVIC_SetPriorityGrouping
                0x08001a88       0x16 ./Drivers/STM32F1xx_HAL_Driver/Src/stm32f1xx_hal_cortex.o
                0x08001a88                HAL_NVIC_SetPriorityGrouping
 .text.HAL_NVIC_SetPriority
                0x08001a9e       0x38 ./Drivers/STM32F1xx_HAL_Driver/Src/stm32f1xx_hal_cortex.o
                0x08001a9e                HAL_NVIC_SetPriority
 .text.HAL_SYSTICK_Config
                0x08001ad6       0x18 ./Drivers/STM32F1xx_HAL_Driver/Src/stm32f1xx_hal_cortex.o
                0x08001ad6                HAL_SYSTICK_Config
 *fill*         0x08001aee        0x2 
 .text.HAL_GPIO_Init
                0x08001af0      0x328 ./Drivers/STM32F1xx_HAL_Driver/Src/stm32f1xx_hal_gpio.o
                0x08001af0                HAL_GPIO_Init
 .text.HAL_GPIO_WritePin
                0x08001e18       0x30 ./Drivers/STM32F1xx_HAL_Driver/Src/stm32f1xx_hal_gpio.o
                0x08001e18                HAL_GPIO_WritePin
 .text.HAL_RCC_OscConfig
                0x08001e48      0x504 ./Drivers/STM32F1xx_HAL_Driver/Src/stm32f1xx_hal_rcc.o
                0x08001e48                HAL_RCC_OscConfig
 .text.HAL_RCC_ClockConfig
                0x0800234c      0x1d4 ./Drivers/STM32F1xx_HAL_Driver/Src/stm32f1xx_hal_rcc.o
                0x0800234c                HAL_RCC_ClockConfig
 .text.HAL_RCC_GetSysClockFreq
                0x08002520       0xa8 ./Drivers/STM32F1xx_HAL_Driver/Src/stm32f1xx_hal_rcc.o
                0x08002520                HAL_RCC_GetSysClockFreq
 .text.HAL_RCC_GetHCLKFreq
                0x080025c8       0x14 ./Drivers/STM32F1xx_HAL_Driver/Src/stm32f1xx_hal_rcc.o
                0x080025c8                HAL_RCC_GetHCLKFreq
 .text.HAL_RCC_GetPCLK1Freq
                0x080025dc       0x28 ./Drivers/STM32F1xx_HAL_Driver/Src/stm32f1xx_hal_rcc.o
                0x080025dc                HAL_RCC_GetPCLK1Freq
 .text.HAL_RCC_GetPCLK2Freq
                0x08002604       0x28 ./Drivers/STM32F1xx_HAL_Driver/Src/stm32f1xx_hal_rcc.o
                0x08002604                HAL_RCC_GetPCLK2Freq
 .text.RCC_Delay
                0x0800262c       0x3c ./Drivers/STM32F1xx_HAL_Driver/Src/stm32f1xx_hal_rcc.o
 .text.HAL_TIM_Base_Init
                0x08002668       0x9e ./Drivers/STM32F1xx_HAL_Driver/Src/stm32f1xx_hal_tim.o
                0x08002668                HAL_TIM_Base_Init
 *fill*         0x08002706        0x2 
 .text.HAL_TIM_Base_Start
                0x08002708       0xb0 ./Drivers/STM32F1xx_HAL_Driver/Src/stm32f1xx_hal_tim.o
                0x08002708                HAL_TIM_Base_Start
 .text.HAL_TIM_PWM_Init
                0x080027b8       0x9e ./Drivers/STM32F1xx_HAL_Driver/Src/stm32f1xx_hal_tim.o
                0x080027b8                HAL_TIM_PWM_Init
 .text.HAL_TIM_PWM_MspInit
                0x08002856       0x12 ./Drivers/STM32F1xx_HAL_Driver/Src/stm32f1xx_hal_tim.o
                0x08002856                HAL_TIM_PWM_MspInit
 .text.HAL_TIM_PWM_Start
                0x08002868      0x174 ./Drivers/STM32F1xx_HAL_Driver/Src/stm32f1xx_hal_tim.o
                0x08002868                HAL_TIM_PWM_Start
 .text.HAL_TIM_Encoder_Init
                0x080029dc      0x144 ./Drivers/STM32F1xx_HAL_Driver/Src/stm32f1xx_hal_tim.o
                0x080029dc                HAL_TIM_Encoder_Init
 .text.HAL_TIM_Encoder_Start
                0x08002b20      0x11c ./Drivers/STM32F1xx_HAL_Driver/Src/stm32f1xx_hal_tim.o
                0x08002b20                HAL_TIM_Encoder_Start
 .text.HAL_TIM_PWM_ConfigChannel
                0x08002c3c      0x184 ./Drivers/STM32F1xx_HAL_Driver/Src/stm32f1xx_hal_tim.o
                0x08002c3c                HAL_TIM_PWM_ConfigChannel
 .text.HAL_TIM_ConfigClockSource
                0x08002dc0      0x18e ./Drivers/STM32F1xx_HAL_Driver/Src/stm32f1xx_hal_tim.o
                0x08002dc0                HAL_TIM_ConfigClockSource
 *fill*         0x08002f4e        0x2 
 .text.TIM_Base_SetConfig
                0x08002f50      0x10c ./Drivers/STM32F1xx_HAL_Driver/Src/stm32f1xx_hal_tim.o
                0x08002f50                TIM_Base_SetConfig
 .text.TIM_OC1_SetConfig
                0x0800305c       0xe0 ./Drivers/STM32F1xx_HAL_Driver/Src/stm32f1xx_hal_tim.o
 .text.TIM_OC2_SetConfig
                0x0800313c       0xe8 ./Drivers/STM32F1xx_HAL_Driver/Src/stm32f1xx_hal_tim.o
                0x0800313c                TIM_OC2_SetConfig
 .text.TIM_OC3_SetConfig
                0x08003224       0xe8 ./Drivers/STM32F1xx_HAL_Driver/Src/stm32f1xx_hal_tim.o
 .text.TIM_OC4_SetConfig
                0x0800330c       0xa8 ./Drivers/STM32F1xx_HAL_Driver/Src/stm32f1xx_hal_tim.o
 .text.TIM_TI1_ConfigInputStage
                0x080033b4       0x5c ./Drivers/STM32F1xx_HAL_Driver/Src/stm32f1xx_hal_tim.o
 .text.TIM_TI2_ConfigInputStage
                0x08003410       0x5e ./Drivers/STM32F1xx_HAL_Driver/Src/stm32f1xx_hal_tim.o
 .text.TIM_ITRx_SetConfig
                0x0800346e       0x34 ./Drivers/STM32F1xx_HAL_Driver/Src/stm32f1xx_hal_tim.o
 .text.TIM_ETR_SetConfig
                0x080034a2       0x3e ./Drivers/STM32F1xx_HAL_Driver/Src/stm32f1xx_hal_tim.o
                0x080034a2                TIM_ETR_SetConfig
 .text.TIM_CCxChannelCmd
                0x080034e0       0x48 ./Drivers/STM32F1xx_HAL_Driver/Src/stm32f1xx_hal_tim.o
                0x080034e0                TIM_CCxChannelCmd
 .text.HAL_TIMEx_MasterConfigSynchronization
                0x08003528       0xd8 ./Drivers/STM32F1xx_HAL_Driver/Src/stm32f1xx_hal_tim_ex.o
                0x08003528                HAL_TIMEx_MasterConfigSynchronization
 .text.HAL_TIMEx_ConfigBreakDeadTime
                0x08003600       0xa2 ./Drivers/STM32F1xx_HAL_Driver/Src/stm32f1xx_hal_tim_ex.o
                0x08003600                HAL_TIMEx_ConfigBreakDeadTime
 .text.HAL_UART_Init
                0x080036a2       0xa0 ./Drivers/STM32F1xx_HAL_Driver/Src/stm32f1xx_hal_uart.o
                0x080036a2                HAL_UART_Init
 .text.HAL_UART_Transmit
                0x08003742      0x116 ./Drivers/STM32F1xx_HAL_Driver/Src/stm32f1xx_hal_uart.o
                0x08003742                HAL_UART_Transmit
 .text.HAL_UART_Receive
                0x08003858      0x12e ./Drivers/STM32F1xx_HAL_Driver/Src/stm32f1xx_hal_uart.o
                0x08003858                HAL_UART_Receive
 .text.UART_WaitOnFlagUntilTimeout
                0x08003986       0xb2 ./Drivers/STM32F1xx_HAL_Driver/Src/stm32f1xx_hal_uart.o
 .text.UART_EndRxTransfer
                0x08003a38       0xc4 ./Drivers/STM32F1xx_HAL_Driver/Src/stm32f1xx_hal_uart.o
 .text.UART_SetConfig
                0x08003afc      0x11c ./Drivers/STM32F1xx_HAL_Driver/Src/stm32f1xx_hal_uart.o
 .text.memset   0x08003c18       0x10 D:/Program Files/STM32CubeIDE_1.16.0/STM32CubeIDE/plugins/com.st.stm32cube.ide.mcu.externaltools.gnu-tools-for-stm32.12.3.rel1.win32_1.0.200.202406191623/tools/bin/../lib/gcc/arm-none-eabi/12.3.1/../../../../arm-none-eabi/lib/thumb/v7-m/nofp\libc_nano.a(libc_a-memset.o)
                0x08003c18                memset
 .text.__libc_init_array
                0x08003c28       0x48 D:/Program Files/STM32CubeIDE_1.16.0/STM32CubeIDE/plugins/com.st.stm32cube.ide.mcu.externaltools.gnu-tools-for-stm32.12.3.rel1.win32_1.0.200.202406191623/tools/bin/../lib/gcc/arm-none-eabi/12.3.1/../../../../arm-none-eabi/lib/thumb/v7-m/nofp\libc_nano.a(libc_a-init.o)
                0x08003c28                __libc_init_array
 *(.glue_7)
 .glue_7        0x08003c70        0x0 linker stubs
 *(.glue_7t)
 .glue_7t       0x08003c70        0x0 linker stubs
 *(.eh_frame)
 .eh_frame      0x08003c70        0x0 D:/Program Files/STM32CubeIDE_1.16.0/STM32CubeIDE/plugins/com.st.stm32cube.ide.mcu.externaltools.gnu-tools-for-stm32.12.3.rel1.win32_1.0.200.202406191623/tools/bin/../lib/gcc/arm-none-eabi/12.3.1/thumb/v7-m/nofp/crtbegin.o
 *(.init)
 .init          0x08003c70        0x4 D:/Program Files/STM32CubeIDE_1.16.0/STM32CubeIDE/plugins/com.st.stm32cube.ide.mcu.externaltools.gnu-tools-for-stm32.12.3.rel1.win32_1.0.200.202406191623/tools/bin/../lib/gcc/arm-none-eabi/12.3.1/thumb/v7-m/nofp/crti.o
                0x08003c70                _init
 .init          0x08003c74        0x8 D:/Program Files/STM32CubeIDE_1.16.0/STM32CubeIDE/plugins/com.st.stm32cube.ide.mcu.externaltools.gnu-tools-for-stm32.12.3.rel1.win32_1.0.200.202406191623/tools/bin/../lib/gcc/arm-none-eabi/12.3.1/thumb/v7-m/nofp/crtn.o
 *(.fini)
 .fini          0x08003c7c        0x4 D:/Program Files/STM32CubeIDE_1.16.0/STM32CubeIDE/plugins/com.st.stm32cube.ide.mcu.externaltools.gnu-tools-for-stm32.12.3.rel1.win32_1.0.200.202406191623/tools/bin/../lib/gcc/arm-none-eabi/12.3.1/thumb/v7-m/nofp/crti.o
                0x08003c7c                _fini
 .fini          0x08003c80        0x8 D:/Program Files/STM32CubeIDE_1.16.0/STM32CubeIDE/plugins/com.st.stm32cube.ide.mcu.externaltools.gnu-tools-for-stm32.12.3.rel1.win32_1.0.200.202406191623/tools/bin/../lib/gcc/arm-none-eabi/12.3.1/thumb/v7-m/nofp/crtn.o
                0x08003c88                        . = ALIGN (0x4)
                0x08003c88                        _etext = .

.vfp11_veneer   0x08003c88        0x0
 .vfp11_veneer  0x08003c88        0x0 linker stubs

.v4_bx          0x08003c88        0x0
 .v4_bx         0x08003c88        0x0 linker stubs

.iplt           0x08003c88        0x0
 .iplt          0x08003c88        0x0 D:/Program Files/STM32CubeIDE_1.16.0/STM32CubeIDE/plugins/com.st.stm32cube.ide.mcu.externaltools.gnu-tools-for-stm32.12.3.rel1.win32_1.0.200.202406191623/tools/bin/../lib/gcc/arm-none-eabi/12.3.1/thumb/v7-m/nofp/crtbegin.o

.rodata         0x08003c88       0x3c
                0x08003c88                        . = ALIGN (0x4)
 *(.rodata)
 .rodata        0x08003c88       0x10 ./Core/Src/main.o
 *(.rodata*)
 .rodata.AHBPrescTable
                0x08003c98       0x10 ./Core/Src/system_stm32f1xx.o
                0x08003c98                AHBPrescTable
 .rodata.APBPrescTable
                0x08003ca8        0x8 ./Core/Src/system_stm32f1xx.o
                0x08003ca8                APBPrescTable
 .rodata.aPLLMULFactorTable.1
                0x08003cb0       0x10 ./Drivers/STM32F1xx_HAL_Driver/Src/stm32f1xx_hal_rcc.o
 .rodata.aPredivFactorTable.0
                0x08003cc0        0x2 ./Drivers/STM32F1xx_HAL_Driver/Src/stm32f1xx_hal_rcc.o
                0x08003cc4                        . = ALIGN (0x4)
 *fill*         0x08003cc2        0x2 

.ARM.extab      0x08003cc4        0x0
                0x08003cc4                        . = ALIGN (0x4)
 *(.ARM.extab* .gnu.linkonce.armextab.*)
                0x08003cc4                        . = ALIGN (0x4)

.ARM            0x08003cc4        0x0
                0x08003cc4                        . = ALIGN (0x4)
                0x08003cc4                        __exidx_start = .
 *(.ARM.exidx*)
                0x08003cc4                        __exidx_end = .
                0x08003cc4                        . = ALIGN (0x4)

.preinit_array  0x08003cc4        0x0
                0x08003cc4                        . = ALIGN (0x4)
                0x08003cc4                        PROVIDE (__preinit_array_start = .)
 *(.preinit_array*)
                0x08003cc4                        PROVIDE (__preinit_array_end = .)
                0x08003cc4                        . = ALIGN (0x4)

.init_array     0x08003cc4        0x4
                0x08003cc4                        . = ALIGN (0x4)
                0x08003cc4                        PROVIDE (__init_array_start = .)
 *(SORT_BY_NAME(.init_array.*))
 *(.init_array*)
 .init_array    0x08003cc4        0x4 D:/Program Files/STM32CubeIDE_1.16.0/STM32CubeIDE/plugins/com.st.stm32cube.ide.mcu.externaltools.gnu-tools-for-stm32.12.3.rel1.win32_1.0.200.202406191623/tools/bin/../lib/gcc/arm-none-eabi/12.3.1/thumb/v7-m/nofp/crtbegin.o
                0x08003cc8                        PROVIDE (__init_array_end = .)
                0x08003cc8                        . = ALIGN (0x4)

.fini_array     0x08003cc8        0x4
                0x08003cc8                        . = ALIGN (0x4)
                [!provide]                        PROVIDE (__fini_array_start = .)
 *(SORT_BY_NAME(.fini_array.*))
 *(.fini_array*)
 .fini_array    0x08003cc8        0x4 D:/Program Files/STM32CubeIDE_1.16.0/STM32CubeIDE/plugins/com.st.stm32cube.ide.mcu.externaltools.gnu-tools-for-stm32.12.3.rel1.win32_1.0.200.202406191623/tools/bin/../lib/gcc/arm-none-eabi/12.3.1/thumb/v7-m/nofp/crtbegin.o
                [!provide]                        PROVIDE (__fini_array_end = .)
                0x08003ccc                        . = ALIGN (0x4)
                0x08003ccc                        _sidata = LOADADDR (.data)

.rel.dyn        0x08003ccc        0x0
 .rel.iplt      0x08003ccc        0x0 D:/Program Files/STM32CubeIDE_1.16.0/STM32CubeIDE/plugins/com.st.stm32cube.ide.mcu.externaltools.gnu-tools-for-stm32.12.3.rel1.win32_1.0.200.202406191623/tools/bin/../lib/gcc/arm-none-eabi/12.3.1/thumb/v7-m/nofp/crtbegin.o

.data           0x20000000        0xc load address 0x08003ccc
                0x20000000                        . = ALIGN (0x4)
                0x20000000                        _sdata = .
 *(.data)
 *(.data*)
 .data.SystemCoreClock
                0x20000000        0x4 ./Core/Src/system_stm32f1xx.o
                0x20000000                SystemCoreClock
 .data.uwTickPrio
                0x20000004        0x4 ./Drivers/STM32F1xx_HAL_Driver/Src/stm32f1xx_hal.o
                0x20000004                uwTickPrio
 .data.uwTickFreq
                0x20000008        0x1 ./Drivers/STM32F1xx_HAL_Driver/Src/stm32f1xx_hal.o
                0x20000008                uwTickFreq
 *(.RamFunc)
 *(.RamFunc*)
                0x2000000c                        . = ALIGN (0x4)
 *fill*         0x20000009        0x3 
                0x2000000c                        _edata = .

.igot.plt       0x2000000c        0x0 load address 0x08003cd8
 .igot.plt      0x2000000c        0x0 D:/Program Files/STM32CubeIDE_1.16.0/STM32CubeIDE/plugins/com.st.stm32cube.ide.mcu.externaltools.gnu-tools-for-stm32.12.3.rel1.win32_1.0.200.202406191623/tools/bin/../lib/gcc/arm-none-eabi/12.3.1/thumb/v7-m/nofp/crtbegin.o
                0x2000000c                        . = ALIGN (0x4)

.bss            0x2000000c      0x2b4 load address 0x08003cd8
                0x2000000c                        _sbss = .
                0x2000000c                        __bss_start__ = _sbss
 *(.bss)
 .bss           0x2000000c       0x1c D:/Program Files/STM32CubeIDE_1.16.0/STM32CubeIDE/plugins/com.st.stm32cube.ide.mcu.externaltools.gnu-tools-for-stm32.12.3.rel1.win32_1.0.200.202406191623/tools/bin/../lib/gcc/arm-none-eabi/12.3.1/thumb/v7-m/nofp/crtbegin.o
 *(.bss*)
 .bss.last_call.0
                0x20000028        0xc ./Core/Src/motor.o
 .bss.htim1     0x20000034       0x48 ./Core/Src/tim.o
                0x20000034                htim1
 .bss.htim3     0x2000007c       0x48 ./Core/Src/tim.o
                0x2000007c                htim3
 .bss.htim4     0x200000c4       0x48 ./Core/Src/tim.o
                0x200000c4                htim4
 .bss.htim5     0x2000010c       0x48 ./Core/Src/tim.o
                0x2000010c                htim5
 .bss.htim6     0x20000154       0x48 ./Core/Src/tim.o
                0x20000154                htim6
 .bss.htim7     0x2000019c       0x48 ./Core/Src/tim.o
                0x2000019c                htim7
 .bss.htim8     0x200001e4       0x48 ./Core/Src/tim.o
                0x200001e4                htim8
 .bss.huart1    0x2000022c       0x48 ./Core/Src/usart.o
                0x2000022c                huart1
 .bss.huart3    0x20000274       0x48 ./Core/Src/usart.o
                0x20000274                huart3
 .bss.uwTick    0x200002bc        0x4 ./Drivers/STM32F1xx_HAL_Driver/Src/stm32f1xx_hal.o
                0x200002bc                uwTick
 *(COMMON)
                0x200002c0                        . = ALIGN (0x4)
                0x200002c0                        _ebss = .
                0x200002c0                        __bss_end__ = _ebss

._user_heap_stack
                0x200002c0      0x600 load address 0x08003cd8
                0x200002c0                        . = ALIGN (0x8)
                [!provide]                        PROVIDE (end = .)
                0x200002c0                        PROVIDE (_end = .)
                0x200004c0                        . = (. + _Min_Heap_Size)
 *fill*         0x200002c0      0x200 
                0x200008c0                        . = (. + _Min_Stack_Size)
 *fill*         0x200004c0      0x400 
                0x200008c0                        . = ALIGN (0x8)

/DISCARD/
 libc.a(*)
 libm.a(*)
 libgcc.a(*)

.ARM.attributes
                0x00000000       0x29
 *(.ARM.attributes)
 .ARM.attributes
                0x00000000       0x1d D:/Program Files/STM32CubeIDE_1.16.0/STM32CubeIDE/plugins/com.st.stm32cube.ide.mcu.externaltools.gnu-tools-for-stm32.12.3.rel1.win32_1.0.200.202406191623/tools/bin/../lib/gcc/arm-none-eabi/12.3.1/thumb/v7-m/nofp/crti.o
 .ARM.attributes
                0x0000001d       0x2d D:/Program Files/STM32CubeIDE_1.16.0/STM32CubeIDE/plugins/com.st.stm32cube.ide.mcu.externaltools.gnu-tools-for-stm32.12.3.rel1.win32_1.0.200.202406191623/tools/bin/../lib/gcc/arm-none-eabi/12.3.1/thumb/v7-m/nofp/crtbegin.o
 .ARM.attributes
                0x0000004a       0x2d ./Core/Src/PID.o
 .ARM.attributes
                0x00000077       0x2d ./Core/Src/gpio.o
 .ARM.attributes
                0x000000a4       0x2d ./Core/Src/main.o
 .ARM.attributes
                0x000000d1       0x2d ./Core/Src/message.o
 .ARM.attributes
                0x000000fe       0x2d ./Core/Src/motor.o
 .ARM.attributes
                0x0000012b       0x2d ./Core/Src/stm32f1xx_hal_msp.o
 .ARM.attributes
                0x00000158       0x2d ./Core/Src/stm32f1xx_it.o
 .ARM.attributes
                0x00000185       0x2d ./Core/Src/system_stm32f1xx.o
 .ARM.attributes
                0x000001b2       0x2d ./Core/Src/tick.o
 .ARM.attributes
                0x000001df       0x2d ./Core/Src/tim.o
 .ARM.attributes
                0x0000020c       0x2d ./Core/Src/usart.o
 .ARM.attributes
                0x00000239       0x21 ./Core/Startup/startup_stm32f103vetx.o
 .ARM.attributes
                0x0000025a       0x2d ./Drivers/STM32F1xx_HAL_Driver/Src/stm32f1xx_hal.o
 .ARM.attributes
                0x00000287       0x2d ./Drivers/STM32F1xx_HAL_Driver/Src/stm32f1xx_hal_cortex.o
 .ARM.attributes
                0x000002b4       0x2d ./Drivers/STM32F1xx_HAL_Driver/Src/stm32f1xx_hal_gpio.o
 .ARM.attributes
                0x000002e1       0x2d ./Drivers/STM32F1xx_HAL_Driver/Src/stm32f1xx_hal_rcc.o
 .ARM.attributes
                0x0000030e       0x2d ./Drivers/STM32F1xx_HAL_Driver/Src/stm32f1xx_hal_tim.o
 .ARM.attributes
                0x0000033b       0x2d ./Drivers/STM32F1xx_HAL_Driver/Src/stm32f1xx_hal_tim_ex.o
 .ARM.attributes
                0x00000368       0x2d ./Drivers/STM32F1xx_HAL_Driver/Src/stm32f1xx_hal_uart.o
 .ARM.attributes
                0x00000395       0x2d D:/Program Files/STM32CubeIDE_1.16.0/STM32CubeIDE/plugins/com.st.stm32cube.ide.mcu.externaltools.gnu-tools-for-stm32.12.3.rel1.win32_1.0.200.202406191623/tools/bin/../lib/gcc/arm-none-eabi/12.3.1/../../../../arm-none-eabi/lib/thumb/v7-m/nofp\libc_nano.a(libc_a-memset.o)
 .ARM.attributes
                0x000003c2       0x2d D:/Program Files/STM32CubeIDE_1.16.0/STM32CubeIDE/plugins/com.st.stm32cube.ide.mcu.externaltools.gnu-tools-for-stm32.12.3.rel1.win32_1.0.200.202406191623/tools/bin/../lib/gcc/arm-none-eabi/12.3.1/../../../../arm-none-eabi/lib/thumb/v7-m/nofp\libc_nano.a(libc_a-init.o)
 .ARM.attributes
                0x000003ef       0x1d D:/Program Files/STM32CubeIDE_1.16.0/STM32CubeIDE/plugins/com.st.stm32cube.ide.mcu.externaltools.gnu-tools-for-stm32.12.3.rel1.win32_1.0.200.202406191623/tools/bin/../lib/gcc/arm-none-eabi/12.3.1/thumb/v7-m/nofp/crtn.o
OUTPUT(main_prog.elf elf32-littlearm)
LOAD linker stubs
LOAD D:/Program Files/STM32CubeIDE_1.16.0/STM32CubeIDE/plugins/com.st.stm32cube.ide.mcu.externaltools.gnu-tools-for-stm32.12.3.rel1.win32_1.0.200.202406191623/tools/bin/../lib/gcc/arm-none-eabi/12.3.1/../../../../arm-none-eabi/lib/thumb/v7-m/nofp\libc.a
LOAD D:/Program Files/STM32CubeIDE_1.16.0/STM32CubeIDE/plugins/com.st.stm32cube.ide.mcu.externaltools.gnu-tools-for-stm32.12.3.rel1.win32_1.0.200.202406191623/tools/bin/../lib/gcc/arm-none-eabi/12.3.1/../../../../arm-none-eabi/lib/thumb/v7-m/nofp\libm.a
LOAD D:/Program Files/STM32CubeIDE_1.16.0/STM32CubeIDE/plugins/com.st.stm32cube.ide.mcu.externaltools.gnu-tools-for-stm32.12.3.rel1.win32_1.0.200.202406191623/tools/bin/../lib/gcc/arm-none-eabi/12.3.1/thumb/v7-m/nofp\libgcc.a

.debug_info     0x00000000     0xcfb3
 .debug_info    0x00000000      0x34f ./Core/Src/PID.o
 .debug_info    0x0000034f      0x2ef ./Core/Src/gpio.o
 .debug_info    0x0000063e      0xf39 ./Core/Src/main.o
 .debug_info    0x00001577      0x677 ./Core/Src/message.o
 .debug_info    0x00001bee      0x894 ./Core/Src/motor.o
 .debug_info    0x00002482      0x1f1 ./Core/Src/stm32f1xx_hal_msp.o
 .debug_info    0x00002673      0x113 ./Core/Src/stm32f1xx_it.o
 .debug_info    0x00002786      0x222 ./Core/Src/system_stm32f1xx.o
 .debug_info    0x000029a8      0x11e ./Core/Src/tick.o
 .debug_info    0x00002ac6      0xf81 ./Core/Src/tim.o
 .debug_info    0x00003a47      0x884 ./Core/Src/usart.o
 .debug_info    0x000042cb       0x30 ./Core/Startup/startup_stm32f103vetx.o
 .debug_info    0x000042fb      0x76a ./Drivers/STM32F1xx_HAL_Driver/Src/stm32f1xx_hal.o
 .debug_info    0x00004a65      0xaed ./Drivers/STM32F1xx_HAL_Driver/Src/stm32f1xx_hal_cortex.o
 .debug_info    0x00005552      0x5ab ./Drivers/STM32F1xx_HAL_Driver/Src/stm32f1xx_hal_gpio.o
 .debug_info    0x00005afd      0x7d5 ./Drivers/STM32F1xx_HAL_Driver/Src/stm32f1xx_hal_rcc.o
 .debug_info    0x000062d2     0x2959 ./Drivers/STM32F1xx_HAL_Driver/Src/stm32f1xx_hal_tim.o
 .debug_info    0x00008c2b     0x149b ./Drivers/STM32F1xx_HAL_Driver/Src/stm32f1xx_hal_tim_ex.o
 .debug_info    0x0000a0c6     0x2eed ./Drivers/STM32F1xx_HAL_Driver/Src/stm32f1xx_hal_uart.o

.debug_abbrev   0x00000000     0x21a6
 .debug_abbrev  0x00000000      0x10b ./Core/Src/PID.o
 .debug_abbrev  0x0000010b      0x13f ./Core/Src/gpio.o
 .debug_abbrev  0x0000024a      0x25b ./Core/Src/main.o
 .debug_abbrev  0x000004a5      0x1ad ./Core/Src/message.o
 .debug_abbrev  0x00000652      0x231 ./Core/Src/motor.o
 .debug_abbrev  0x00000883       0xdb ./Core/Src/stm32f1xx_hal_msp.o
 .debug_abbrev  0x0000095e       0x73 ./Core/Src/stm32f1xx_it.o
 .debug_abbrev  0x000009d1      0x13f ./Core/Src/system_stm32f1xx.o
 .debug_abbrev  0x00000b10       0xb7 ./Core/Src/tick.o
 .debug_abbrev  0x00000bc7      0x257 ./Core/Src/tim.o
 .debug_abbrev  0x00000e1e      0x1fd ./Core/Src/usart.o
 .debug_abbrev  0x0000101b       0x24 ./Core/Startup/startup_stm32f103vetx.o
 .debug_abbrev  0x0000103f      0x201 ./Drivers/STM32F1xx_HAL_Driver/Src/stm32f1xx_hal.o
 .debug_abbrev  0x00001240      0x2f8 ./Drivers/STM32F1xx_HAL_Driver/Src/stm32f1xx_hal_cortex.o
 .debug_abbrev  0x00001538      0x1ca ./Drivers/STM32F1xx_HAL_Driver/Src/stm32f1xx_hal_gpio.o
 .debug_abbrev  0x00001702      0x2b3 ./Drivers/STM32F1xx_HAL_Driver/Src/stm32f1xx_hal_rcc.o
 .debug_abbrev  0x000019b5      0x277 ./Drivers/STM32F1xx_HAL_Driver/Src/stm32f1xx_hal_tim.o
 .debug_abbrev  0x00001c2c      0x282 ./Drivers/STM32F1xx_HAL_Driver/Src/stm32f1xx_hal_tim_ex.o
 .debug_abbrev  0x00001eae      0x2f8 ./Drivers/STM32F1xx_HAL_Driver/Src/stm32f1xx_hal_uart.o

.debug_aranges  0x00000000      0xc90
 .debug_aranges
                0x00000000       0x30 ./Core/Src/PID.o
 .debug_aranges
                0x00000030       0x20 ./Core/Src/gpio.o
 .debug_aranges
                0x00000050       0x30 ./Core/Src/main.o
 .debug_aranges
                0x00000080       0x28 ./Core/Src/message.o
 .debug_aranges
                0x000000a8       0x40 ./Core/Src/motor.o
 .debug_aranges
                0x000000e8       0x20 ./Core/Src/stm32f1xx_hal_msp.o
 .debug_aranges
                0x00000108       0x60 ./Core/Src/stm32f1xx_it.o
 .debug_aranges
                0x00000168       0x28 ./Core/Src/system_stm32f1xx.o
 .debug_aranges
                0x00000190       0x20 ./Core/Src/tick.o
 .debug_aranges
                0x000001b0       0x78 ./Core/Src/tim.o
 .debug_aranges
                0x00000228       0x38 ./Core/Src/usart.o
 .debug_aranges
                0x00000260       0x28 ./Core/Startup/startup_stm32f103vetx.o
 .debug_aranges
                0x00000288       0xe0 ./Drivers/STM32F1xx_HAL_Driver/Src/stm32f1xx_hal.o
 .debug_aranges
                0x00000368      0x100 ./Drivers/STM32F1xx_HAL_Driver/Src/stm32f1xx_hal_cortex.o
 .debug_aranges
                0x00000468       0x58 ./Drivers/STM32F1xx_HAL_Driver/Src/stm32f1xx_hal_gpio.o
 .debug_aranges
                0x000004c0       0x90 ./Drivers/STM32F1xx_HAL_Driver/Src/stm32f1xx_hal_rcc.o
 .debug_aranges
                0x00000550      0x3d0 ./Drivers/STM32F1xx_HAL_Driver/Src/stm32f1xx_hal_tim.o
 .debug_aranges
                0x00000920      0x168 ./Drivers/STM32F1xx_HAL_Driver/Src/stm32f1xx_hal_tim_ex.o
 .debug_aranges
                0x00000a88      0x208 ./Drivers/STM32F1xx_HAL_Driver/Src/stm32f1xx_hal_uart.o

.debug_rnglists
                0x00000000      0x9c2
 .debug_rnglists
                0x00000000       0x20 ./Core/Src/PID.o
 .debug_rnglists
                0x00000020       0x14 ./Core/Src/gpio.o
 .debug_rnglists
                0x00000034       0x21 ./Core/Src/main.o
 .debug_rnglists
                0x00000055       0x19 ./Core/Src/message.o
 .debug_rnglists
                0x0000006e       0x2f ./Core/Src/motor.o
 .debug_rnglists
                0x0000009d       0x13 ./Core/Src/stm32f1xx_hal_msp.o
 .debug_rnglists
                0x000000b0       0x43 ./Core/Src/stm32f1xx_it.o
 .debug_rnglists
                0x000000f3       0x1a ./Core/Src/system_stm32f1xx.o
 .debug_rnglists
                0x0000010d       0x13 ./Core/Src/tick.o
 .debug_rnglists
                0x00000120       0x5f ./Core/Src/tim.o
 .debug_rnglists
                0x0000017f       0x26 ./Core/Src/usart.o
 .debug_rnglists
                0x000001a5       0x19 ./Core/Startup/startup_stm32f103vetx.o
 .debug_rnglists
                0x000001be       0xa3 ./Drivers/STM32F1xx_HAL_Driver/Src/stm32f1xx_hal.o
 .debug_rnglists
                0x00000261       0xbb ./Drivers/STM32F1xx_HAL_Driver/Src/stm32f1xx_hal_cortex.o
 .debug_rnglists
                0x0000031c       0x3f ./Drivers/STM32F1xx_HAL_Driver/Src/stm32f1xx_hal_gpio.o
 .debug_rnglists
                0x0000035b       0x6c ./Drivers/STM32F1xx_HAL_Driver/Src/stm32f1xx_hal_rcc.o
 .debug_rnglists
                0x000003c7      0x31a ./Drivers/STM32F1xx_HAL_Driver/Src/stm32f1xx_hal_tim.o
 .debug_rnglists
                0x000006e1      0x125 ./Drivers/STM32F1xx_HAL_Driver/Src/stm32f1xx_hal_tim_ex.o
 .debug_rnglists
                0x00000806      0x1bc ./Drivers/STM32F1xx_HAL_Driver/Src/stm32f1xx_hal_uart.o

.debug_macro    0x00000000    0x1a101
 .debug_macro   0x00000000      0x29c ./Core/Src/PID.o
 .debug_macro   0x0000029c      0xaa8 ./Core/Src/PID.o
 .debug_macro   0x00000d44      0x21b ./Core/Src/PID.o
 .debug_macro   0x00000f5f       0x2e ./Core/Src/PID.o
 .debug_macro   0x00000f8d       0x22 ./Core/Src/PID.o
 .debug_macro   0x00000faf       0x22 ./Core/Src/PID.o
 .debug_macro   0x00000fd1       0x8e ./Core/Src/PID.o
 .debug_macro   0x0000105f       0x51 ./Core/Src/PID.o
 .debug_macro   0x000010b0      0x103 ./Core/Src/PID.o
 .debug_macro   0x000011b3       0x6a ./Core/Src/PID.o
 .debug_macro   0x0000121d      0x1df ./Core/Src/PID.o
 .debug_macro   0x000013fc       0x1c ./Core/Src/PID.o
 .debug_macro   0x00001418       0x22 ./Core/Src/PID.o
 .debug_macro   0x0000143a       0xbd ./Core/Src/PID.o
 .debug_macro   0x000014f7      0xd23 ./Core/Src/PID.o
 .debug_macro   0x0000221a     0xfd8c ./Core/Src/PID.o
 .debug_macro   0x00011fa6       0x6d ./Core/Src/PID.o
 .debug_macro   0x00012013     0x34a2 ./Core/Src/PID.o
 .debug_macro   0x000154b5      0x189 ./Core/Src/PID.o
 .debug_macro   0x0001563e       0x5c ./Core/Src/PID.o
 .debug_macro   0x0001569a      0x5bc ./Core/Src/PID.o
 .debug_macro   0x00015c56      0x4d5 ./Core/Src/PID.o
 .debug_macro   0x0001612b      0x1cb ./Core/Src/PID.o
 .debug_macro   0x000162f6      0x114 ./Core/Src/PID.o
 .debug_macro   0x0001640a      0x1ea ./Core/Src/PID.o
 .debug_macro   0x000165f4       0x27 ./Core/Src/PID.o
 .debug_macro   0x0001661b      0x144 ./Core/Src/PID.o
 .debug_macro   0x0001675f      0x1bc ./Core/Src/PID.o
 .debug_macro   0x0001691b       0x30 ./Core/Src/PID.o
 .debug_macro   0x0001694b       0x3c ./Core/Src/PID.o
 .debug_macro   0x00016987       0x57 ./Core/Src/PID.o
 .debug_macro   0x000169de       0x87 ./Core/Src/PID.o
 .debug_macro   0x00016a65      0x24f ./Core/Src/PID.o
 .debug_macro   0x00016cb4      0x140 ./Core/Src/PID.o
 .debug_macro   0x00016df4      0x8ed ./Core/Src/PID.o
 .debug_macro   0x000176e1      0x28e ./Core/Src/PID.o
 .debug_macro   0x0001796f       0xb5 ./Core/Src/PID.o
 .debug_macro   0x00017a24       0x34 ./Core/Src/PID.o
 .debug_macro   0x00017a58       0x24 ./Core/Src/PID.o
 .debug_macro   0x00017a7c       0x61 ./Core/Src/PID.o
 .debug_macro   0x00017add       0x43 ./Core/Src/PID.o
 .debug_macro   0x00017b20       0x34 ./Core/Src/PID.o
 .debug_macro   0x00017b54       0x16 ./Core/Src/PID.o
 .debug_macro   0x00017b6a       0x35 ./Core/Src/PID.o
 .debug_macro   0x00017b9f       0x16 ./Core/Src/PID.o
 .debug_macro   0x00017bb5       0x43 ./Core/Src/PID.o
 .debug_macro   0x00017bf8       0x34 ./Core/Src/PID.o
 .debug_macro   0x00017c2c       0x10 ./Core/Src/PID.o
 .debug_macro   0x00017c3c       0x58 ./Core/Src/PID.o
 .debug_macro   0x00017c94       0x8e ./Core/Src/PID.o
 .debug_macro   0x00017d22       0x1c ./Core/Src/PID.o
 .debug_macro   0x00017d3e      0x177 ./Core/Src/PID.o
 .debug_macro   0x00017eb5      0x369 ./Core/Src/PID.o
 .debug_macro   0x0001821e       0x16 ./Core/Src/PID.o
 .debug_macro   0x00018234       0x29 ./Core/Src/PID.o
 .debug_macro   0x0001825d      0x1bc ./Core/Src/gpio.o
 .debug_macro   0x00018419      0x2d4 ./Core/Src/main.o
 .debug_macro   0x000186ed       0x10 ./Core/Src/main.o
 .debug_macro   0x000186fd       0x20 ./Core/Src/main.o
 .debug_macro   0x0001871d      0x1c6 ./Core/Src/message.o
 .debug_macro   0x000188e3      0x1da ./Core/Src/motor.o
 .debug_macro   0x00018abd      0x1b2 ./Core/Src/stm32f1xx_hal_msp.o
 .debug_macro   0x00018c6f      0x1bc ./Core/Src/stm32f1xx_it.o
 .debug_macro   0x00018e2b      0x1a3 ./Core/Src/system_stm32f1xx.o
 .debug_macro   0x00018fce      0x1a3 ./Core/Src/tick.o
 .debug_macro   0x00019171      0x1bc ./Core/Src/tim.o
 .debug_macro   0x0001932d      0x1bc ./Core/Src/usart.o
 .debug_macro   0x000194e9      0x1c7 ./Drivers/STM32F1xx_HAL_Driver/Src/stm32f1xx_hal.o
 .debug_macro   0x000196b0      0x1a3 ./Drivers/STM32F1xx_HAL_Driver/Src/stm32f1xx_hal_cortex.o
 .debug_macro   0x00019853      0x20e ./Drivers/STM32F1xx_HAL_Driver/Src/stm32f1xx_hal_gpio.o
 .debug_macro   0x00019a61      0x1b5 ./Drivers/STM32F1xx_HAL_Driver/Src/stm32f1xx_hal_rcc.o
 .debug_macro   0x00019c16      0x1a4 ./Drivers/STM32F1xx_HAL_Driver/Src/stm32f1xx_hal_tim.o
 .debug_macro   0x00019dba      0x1a3 ./Drivers/STM32F1xx_HAL_Driver/Src/stm32f1xx_hal_tim_ex.o
 .debug_macro   0x00019f5d      0x1a4 ./Drivers/STM32F1xx_HAL_Driver/Src/stm32f1xx_hal_uart.o

.debug_line     0x00000000    0x103da
 .debug_line    0x00000000      0xa7a ./Core/Src/PID.o
 .debug_line    0x00000a7a      0x745 ./Core/Src/gpio.o
 .debug_line    0x000011bf      0xb5d ./Core/Src/main.o
 .debug_line    0x00001d1c      0x72e ./Core/Src/message.o
 .debug_line    0x0000244a      0x883 ./Core/Src/motor.o
 .debug_line    0x00002ccd      0x702 ./Core/Src/stm32f1xx_hal_msp.o
 .debug_line    0x000033cf      0x7c3 ./Core/Src/stm32f1xx_it.o
 .debug_line    0x00003b92      0x77f ./Core/Src/system_stm32f1xx.o
 .debug_line    0x00004311      0x6ee ./Core/Src/tick.o
 .debug_line    0x000049ff      0xb3e ./Core/Src/tim.o
 .debug_line    0x0000553d      0x7e1 ./Core/Src/usart.o
 .debug_line    0x00005d1e       0x79 ./Core/Startup/startup_stm32f103vetx.o
 .debug_line    0x00005d97      0x9ac ./Drivers/STM32F1xx_HAL_Driver/Src/stm32f1xx_hal.o
 .debug_line    0x00006743      0xb98 ./Drivers/STM32F1xx_HAL_Driver/Src/stm32f1xx_hal_cortex.o
 .debug_line    0x000072db      0xa6d ./Drivers/STM32F1xx_HAL_Driver/Src/stm32f1xx_hal_gpio.o
 .debug_line    0x00007d48      0xdb5 ./Drivers/STM32F1xx_HAL_Driver/Src/stm32f1xx_hal_rcc.o
 .debug_line    0x00008afd     0x36f1 ./Drivers/STM32F1xx_HAL_Driver/Src/stm32f1xx_hal_tim.o
 .debug_line    0x0000c1ee     0x1961 ./Drivers/STM32F1xx_HAL_Driver/Src/stm32f1xx_hal_tim_ex.o
 .debug_line    0x0000db4f     0x288b ./Drivers/STM32F1xx_HAL_Driver/Src/stm32f1xx_hal_uart.o

.debug_str      0x00000000    0x980ac
 .debug_str     0x00000000    0x9499f ./Core/Src/PID.o
                              0x94dde (size before relaxing)
 .debug_str     0x0009499f       0xfe ./Core/Src/gpio.o
                              0x91b4a (size before relaxing)
 .debug_str     0x00094a9d      0xa2a ./Core/Src/main.o
                              0x95753 (size before relaxing)
 .debug_str     0x000954c7       0x56 ./Core/Src/message.o
                              0x91eff (size before relaxing)
 .debug_str     0x0009551d       0xba ./Core/Src/motor.o
                              0x920c3 (size before relaxing)
 .debug_str     0x000955d7       0x5a ./Core/Src/stm32f1xx_hal_msp.o
                              0x91ad2 (size before relaxing)
 .debug_str     0x00095631       0xc9 ./Core/Src/stm32f1xx_it.o
                              0x91ae7 (size before relaxing)
 .debug_str     0x000956fa       0x7e ./Core/Src/system_stm32f1xx.o
                              0x91a45 (size before relaxing)
 .debug_str     0x00095778       0x32 ./Core/Src/tick.o
                              0x919c7 (size before relaxing)
 .debug_str     0x000957aa      0x391 ./Core/Src/tim.o
                              0x9243b (size before relaxing)
 .debug_str     0x00095b3b       0x51 ./Core/Src/usart.o
                              0x91fdb (size before relaxing)
 .debug_str     0x00095b8c       0x44 ./Core/Startup/startup_stm32f103vetx.o
                                 0x70 (size before relaxing)
 .debug_str     0x00095bd0      0x68a ./Drivers/STM32F1xx_HAL_Driver/Src/stm32f1xx_hal.o
                              0x9225c (size before relaxing)
 .debug_str     0x0009625a      0x2b1 ./Drivers/STM32F1xx_HAL_Driver/Src/stm32f1xx_hal_cortex.o
                              0x921a8 (size before relaxing)
 .debug_str     0x0009650b      0x2e6 ./Drivers/STM32F1xx_HAL_Driver/Src/stm32f1xx_hal_gpio.o
                              0x91dcb (size before relaxing)
 .debug_str     0x000967f1      0x229 ./Drivers/STM32F1xx_HAL_Driver/Src/stm32f1xx_hal_rcc.o
                              0x91e74 (size before relaxing)
 .debug_str     0x00096a1a      0xc98 ./Drivers/STM32F1xx_HAL_Driver/Src/stm32f1xx_hal_tim.o
                              0x92e76 (size before relaxing)
 .debug_str     0x000976b2      0x3e1 ./Drivers/STM32F1xx_HAL_Driver/Src/stm32f1xx_hal_tim_ex.o
                              0x92682 (size before relaxing)
 .debug_str     0x00097a93      0x619 ./Drivers/STM32F1xx_HAL_Driver/Src/stm32f1xx_hal_uart.o
                              0x924e5 (size before relaxing)

.comment        0x00000000       0x43
 .comment       0x00000000       0x43 ./Core/Src/PID.o
                                 0x44 (size before relaxing)
 .comment       0x00000043       0x44 ./Core/Src/gpio.o
 .comment       0x00000043       0x44 ./Core/Src/main.o
 .comment       0x00000043       0x44 ./Core/Src/message.o
 .comment       0x00000043       0x44 ./Core/Src/motor.o
 .comment       0x00000043       0x44 ./Core/Src/stm32f1xx_hal_msp.o
 .comment       0x00000043       0x44 ./Core/Src/stm32f1xx_it.o
 .comment       0x00000043       0x44 ./Core/Src/system_stm32f1xx.o
 .comment       0x00000043       0x44 ./Core/Src/tick.o
 .comment       0x00000043       0x44 ./Core/Src/tim.o
 .comment       0x00000043       0x44 ./Core/Src/usart.o
 .comment       0x00000043       0x44 ./Drivers/STM32F1xx_HAL_Driver/Src/stm32f1xx_hal.o
 .comment       0x00000043       0x44 ./Drivers/STM32F1xx_HAL_Driver/Src/stm32f1xx_hal_cortex.o
 .comment       0x00000043       0x44 ./Drivers/STM32F1xx_HAL_Driver/Src/stm32f1xx_hal_gpio.o
 .comment       0x00000043       0x44 ./Drivers/STM32F1xx_HAL_Driver/Src/stm32f1xx_hal_rcc.o
 .comment       0x00000043       0x44 ./Drivers/STM32F1xx_HAL_Driver/Src/stm32f1xx_hal_tim.o
 .comment       0x00000043       0x44 ./Drivers/STM32F1xx_HAL_Driver/Src/stm32f1xx_hal_tim_ex.o
 .comment       0x00000043       0x44 ./Drivers/STM32F1xx_HAL_Driver/Src/stm32f1xx_hal_uart.o

.debug_frame    0x00000000     0x32a8
 .debug_frame   0x00000000       0x88 ./Core/Src/PID.o
 .debug_frame   0x00000088       0x34 ./Core/Src/gpio.o
 .debug_frame   0x000000bc       0x78 ./Core/Src/main.o
 .debug_frame   0x00000134       0x60 ./Core/Src/message.o
 .debug_frame   0x00000194       0xc0 ./Core/Src/motor.o
 .debug_frame   0x00000254       0x38 ./Core/Src/stm32f1xx_hal_msp.o
 .debug_frame   0x0000028c      0x104 ./Core/Src/stm32f1xx_it.o
 .debug_frame   0x00000390       0x58 ./Core/Src/system_stm32f1xx.o
 .debug_frame   0x000003e8       0x30 ./Core/Src/tick.o
 .debug_frame   0x00000418      0x1c0 ./Core/Src/tim.o
 .debug_frame   0x000005d8       0x90 ./Core/Src/usart.o
 .debug_frame   0x00000668      0x334 ./Drivers/STM32F1xx_HAL_Driver/Src/stm32f1xx_hal.o
 .debug_frame   0x0000099c      0x428 ./Drivers/STM32F1xx_HAL_Driver/Src/stm32f1xx_hal_cortex.o
 .debug_frame   0x00000dc4      0x14c ./Drivers/STM32F1xx_HAL_Driver/Src/stm32f1xx_hal_gpio.o
 .debug_frame   0x00000f10      0x218 ./Drivers/STM32F1xx_HAL_Driver/Src/stm32f1xx_hal_rcc.o
 .debug_frame   0x00001128     0x11b8 ./Drivers/STM32F1xx_HAL_Driver/Src/stm32f1xx_hal_tim.o
 .debug_frame   0x000022e0      0x638 ./Drivers/STM32F1xx_HAL_Driver/Src/stm32f1xx_hal_tim_ex.o
 .debug_frame   0x00002918      0x944 ./Drivers/STM32F1xx_HAL_Driver/Src/stm32f1xx_hal_uart.o
 .debug_frame   0x0000325c       0x20 D:/Program Files/STM32CubeIDE_1.16.0/STM32CubeIDE/plugins/com.st.stm32cube.ide.mcu.externaltools.gnu-tools-for-stm32.12.3.rel1.win32_1.0.200.202406191623/tools/bin/../lib/gcc/arm-none-eabi/12.3.1/../../../../arm-none-eabi/lib/thumb/v7-m/nofp\libc_nano.a(libc_a-memset.o)
 .debug_frame   0x0000327c       0x2c D:/Program Files/STM32CubeIDE_1.16.0/STM32CubeIDE/plugins/com.st.stm32cube.ide.mcu.externaltools.gnu-tools-for-stm32.12.3.rel1.win32_1.0.200.202406191623/tools/bin/../lib/gcc/arm-none-eabi/12.3.1/../../../../arm-none-eabi/lib/thumb/v7-m/nofp\libc_nano.a(libc_a-init.o)

.debug_line_str
                0x00000000       0x54
 .debug_line_str
                0x00000000       0x54 ./Core/Startup/startup_stm32f103vetx.o
